[INFO] 環境確認: ncnn
  -> ライブラリの確認・インストールを行います...
[INFO] Pythonスクリプトを実行...
python.exe : [0 Intel(R) Iris(R) Xe Graphics]  queueC=0[1]  queueT=0[1]  rebar=1  r-score=10
発生場所 C:\Users\kouki\Documents\MyApp\wd14-tagger-xmp\run_tagger.ps1:696 文字:1
+ & $VenvPython @PyArgs
+ ~~~~~~~~~~~~~~~~~~~~~
    + CategoryInfo          : NotSpecified: ([0 Intel(R) Iri...r=1  r-score=10:String) [], RemoteException
    + FullyQualifiedErrorId : NativeCommandError
 
[0 Intel(R) Iris(R) Xe Graphics]  fp16-p/s/u/a=1/1/1/1  int8-p/s/u/a=1/1/1/1  bf16-p/s=1/0
[0 Intel(R) Iris(R) Xe Graphics]  subgroup=32(8~32)  ops=1/1/1/1/1/1/1/1/1/1
[0 Intel(R) Iris(R) Xe Graphics]  fp16-cm=0  int8-cm=0  bf16-cm=0  fp8-cm=0
[1 Intel(R) Iris(R) Xe Graphics]  queueC=0[1]  queueT=0[1]  rebar=1  r-score=10
[1 Intel(R) Iris(R) Xe Graphics]  fp16-p/s/u/a=1/1/1/1  int8-p/s/u/a=1/1/1/1  bf16-p/s=1/0
[1 Intel(R) Iris(R) Xe Graphics]  subgroup=32(8~32)  ops=1/1/1/1/1/1/1/1/1/1
[1 Intel(R) Iris(R) Xe Graphics]  fp16-cm=0  int8-cm=0  bf16-cm=0  fp8-cm=0
[2 Intel(R) Iris(R) Xe Graphics]  queueC=0[1]  queueT=0[1]  rebar=1  r-score=10
[2 Intel(R) Iris(R) Xe Graphics]  fp16-p/s/u/a=1/1/1/1  int8-p/s/u/a=1/1/1/1  bf16-p/s=1/0
[2 Intel(R) Iris(R) Xe Graphics]  subgroup=32(8~32)  ops=1/1/1/1/1/1/1/1/1/1
[2 Intel(R) Iris(R) Xe Graphics]  fp16-cm=0  int8-cm=0  bf16-cm=0  fp8-cm=0
[3 Intel(R) Iris(R) Xe Graphics]  queueC=0[1]  queueT=0[1]  rebar=1  r-score=10
[3 Intel(R) Iris(R) Xe Graphics]  fp16-p/s/u/a=1/1/1/1  int8-p/s/u/a=1/1/1/1  bf16-p/s=1/0
[3 Intel(R) Iris(R) Xe Graphics]  subgroup=32(8~32)  ops=1/1/1/1/1/1/1/1/1/1
[3 Intel(R) Iris(R) Xe Graphics]  fp16-cm=0  int8-cm=0  bf16-cm=0  fp8-cm=0
[WARN] ultraはRTX 2070 Max-Q・DirectML・batch-size=4でピーク6,583MiB、測定前を除く増分5,743MiBを確認済みです。8GB以上のGPUを推奨し、空き容量不足時はbatch-sizeを下げてください。
[INFO] ncnn Vulkan GPU 0 (Intel(R) Iris(R) Xe Graphics): ultra, fp32, ラベル数 12476
