[WARN] ultra縺ｯRTX 2070 Max-Q繝ｻDirectML繝ｻbatch-size=4縺ｧ繝斐・繧ｯ6,583MiB縲∵ｸｬ螳壼燕繧帝勁縺丞｢怜・5,743MiB繧堤｢ｺ隱肴ｸ医∩縺ｧ縺吶・GB莉･荳翫・GPU繧呈耳螂ｨ縺励∫ｩｺ縺榊ｮｹ驥丈ｸ崎ｶｳ譎ゅ・batch-size繧剃ｸ九￡縺ｦ縺上□縺輔＞縲・
.\venv_ncnn\Scripts\python.exe : [0 Intel(R) Iris(R) Xe Graphics]  queueC=0[1]  queueT=0[1]  rebar=1  r-score=10
発生場所 行:1 文字:569
+ ... BUFFERED=1; .\venv_ncnn\Scripts\python.exe benchmark_ncnn.py --provid ...
+                 ~~~~~~~~~~~~~~~~~~~~~~~~~~~~~~~~~~~~~~~~~~~~~~~~~~~~~~~~~
    + CategoryInfo          : NotSpecified: ([0 Intel(R) Iri...r=1  r-score=10:String) [], RemoteException
    + FullyQualifiedErrorId : NativeCommandError
 
[0 Intel(R) Iris(R) Xe Graphics]  fp16-p/s/u/a=1/1/1/1  int8-p/s/u/a=1/1/1/1  bf16-p/s=1/0
[0 Intel(R) Iris(R) Xe Graphics]  subgroup=32(8~32)  ops=1/1/1/1/1/1/1/1/1/1
[0 Intel(R) Iris(R) Xe Graphics]  fp16-cm=0  int8-cm=0  bf16-cm=0  fp8-cm=0
[1 Intel(R) Iris(R) Xe Graphics]  queueC=0[1]  queueT=0[1]  rebar=1  r-score=10
[1 Intel(R) Iris(R) Xe Graphics]  fp16-p/s/u/a=1/1/1/1  int8-p/s/u/a=1/1/1/1  bf16-p/s=1/0
[1 Intel(R) Iris(R) Xe Graphics]  subgroup=32(8~32)  ops=1/1/1/1/1/1/1/1/1/1
[1 Intel(R) Iris(R) Xe Graphics]  fp16-cm=0  int8-cm=0  bf16-cm=0  fp8-cm=0
[2 Intel(R) Iris(R) Xe Graphics]  queueC=0[1]  queueT=0[1]  rebar=1  r-score=10
[2 Intel(R) Iris(R) Xe Graphics]  fp16-p/s/u/a=1/1/1/1  int8-p/s/u/a=1/1/1/1  bf16-p/s=1/0
[2 Intel(R) Iris(R) Xe Graphics]  subgroup=32(8~32)  ops=1/1/1/1/1/1/1/1/1/1
[2 Intel(R) Iris(R) Xe Graphics]  fp16-cm=0  int8-cm=0  bf16-cm=0  fp8-cm=0
[3 Intel(R) Iris(R) Xe Graphics]  queueC=0[1]  queueT=0[1]  rebar=1  r-score=10
[3 Intel(R) Iris(R) Xe Graphics]  fp16-p/s/u/a=1/1/1/1  int8-p/s/u/a=1/1/1/1  bf16-p/s=1/0
[3 Intel(R) Iris(R) Xe Graphics]  subgroup=32(8~32)  ops=1/1/1/1/1/1/1/1/1/1
[3 Intel(R) Iris(R) Xe Graphics]  fp16-cm=0  int8-cm=0  bf16-cm=0  fp8-cm=0
[INFO] ncnn Vulkan GPU 0 (Intel(R) Iris(R) Xe Graphics): ultra, fp32, 繝ｩ繝吶Ν謨ｰ 12476
[benchmark] Model initialization and startup probe: 40.62s
[benchmark] Warm-up 1/1
[benchmark] Iteration 1/3: 33073.39 ms/img
[benchmark] Iteration 2/3: 32900.08 ms/img
[benchmark] Iteration 3/3: 32883.46 ms/img
benchmarks\ncnn_intel_a13m_20261003\fp32-b1.json: 32900.08 ms/img
