[WARN] ultraはRTX 2070 Max-Q・DirectML・batch-size=4でピーク6,583MiB、測定前を除く増分5,743MiBを確認済みです。8GB以上のGPUを推奨し、空き容量不足時はbatch-sizeを下げてください。
.\venv_ncnn\Scripts\python.exe : [0 Intel(R) Iris(R) Xe Graphics]  queueC=0[1]  queueT=0[1]  rebar=1  r-score=10
発生場所 行:11 文字:1
+ .\venv_ncnn\Scripts\python.exe -m unittest discover -s tests -p test_ ...
+ ~~~~~~~~~~~~~~~~~~~~~~~~~~~~~~~~~~~~~~~~~~~~~~~~~~~~~~~~~~~~~~~~~~~~~
    + CategoryInfo          : NotSpecified: ([0 Intel(R) Iri...r=1  r-score=10:String) [], RemoteException
    + FullyQualifiedErrorId : NativeCommandError
 
[0 Intel(R) Iris(R) Xe Graphics]  fp16-p/s/u/a=1/1/1/1  int8-p/s/u/a=1/1/1/1  bf16-p/s=1/0
[0 Intel(R) Iris(R) Xe Graphics]  subgroup=32(8~32)  ops=1/1/1/1/1/1/1/1/1/1
[0 Intel(R) Iris(R) Xe Graphics]  fp16-cm=0  int8-cm=0  bf16-cm=0  fp8-cm=0
[1 Intel(R) Iris(R) Xe Graphics]  queueC=0[1]  queueT=0[1]  rebar=1  r-score=10
[1 Intel(R) Iris(R) Xe Graphics]  fp16-p/s/u/a=1/1/1/1  int8-p/s/u/a=1/1/1/1  bf16-p/s=1/0
[1 Intel(R) Iris(R) Xe Graphics]  subgroup=32(8~32)  ops=1/1/1/1/1/1/1/1/1/1
[1 Intel(R) Iris(R) Xe Graphics]  fp16-cm=0  int8-cm=0  bf16-cm=0  fp8-cm=0
[2 Intel(R) Iris(R) Xe Graphics]  queueC=0[1]  queueT=0[1]  rebar=1  r-score=10
[2 Intel(R) Iris(R) Xe Graphics]  fp16-p/s/u/a=1/1/1/1  int8-p/s/u/a=1/1/1/1  bf16-p/s=1/0
[2 Intel(R) Iris(R) Xe Graphics]  subgroup=32(8~32)  ops=1/1/1/1/1/1/1/1/1/1
[2 Intel(R) Iris(R) Xe Graphics]  fp16-cm=0  int8-cm=0  bf16-cm=0  fp8-cm=0
[3 Intel(R) Iris(R) Xe Graphics]  queueC=0[1]  queueT=0[1]  rebar=1  r-score=10
[3 Intel(R) Iris(R) Xe Graphics]  fp16-p/s/u/a=1/1/1/1  int8-p/s/u/a=1/1/1/1  bf16-p/s=1/0
[3 Intel(R) Iris(R) Xe Graphics]  subgroup=32(8~32)  ops=1/1/1/1/1/1/1/1/1/1
[3 Intel(R) Iris(R) Xe Graphics]  fp16-cm=0  int8-cm=0  bf16-cm=0  fp8-cm=0
[INFO] ncnn Vulkan GPU 0 (Intel(R) Iris(R) Xe Graphics): ultra, fp32, ラベル数 12476
test_cpu_probability_rating_and_threshold_parity (test_ncnn_integration.NcnnIntegrationTests.test_cpu_probability_ratin
g_and_threshold_parity) ... ok
[WARN] このモデルはバッチ推論に非対応のため、batch-size=1に変更します。
test_standalone_and_both_client_modes_write_same_xmp (test_ncnn_integration.NcnnIntegrationTests.test_standalone_and_bo
th_client_modes_write_same_xmp) ... 
  0%|          | 0/1 [00:00<?, ?img/s]
  0%|          | 0/1 [00:34<?, ?img/s, 推論:1枚(0.0/s) Skip:0枚(0.0/s)]
[standalone.png] Gen:[32m████[90m░[0m99.3% Sen:[33m[90m░░░░░[0m00.6% Que:[35m[90m░░░░░[0m00.2% Exp:[31m[90m░░░░░[0m00.0% => [32m[R-00][0m
                                                                       

  0%|          | 0/1 [00:34<?, ?img/s, 推論:1枚(0.0/s) Skip:0枚(0.0/s)]
100%|██████████| 1/1 [00:35<00:00, 35.57s/img, 推論:1枚(0.0/s) Skip:0枚(0.0/s)]C:\Users\kouki\Documents\MyApp\wd14-tagger-x
mp\embed_tags_universal.py:329: ResourceWarning: unclosed file <_io.BufferedReader name=4>
  self.process = None
ResourceWarning: Enable tracemalloc to get the object allocation traceback

100%|██████████| 1/1 [00:35<00:00, 35.65s/img, 推論:1枚(0.0/s) Skip:0枚(0.0/s)]

[完了] 処理結果サマリー:
  ・推論実行ファイル (DBV4 AI演算あり): 1 枚 | 速度: 0.03 img/s (32841.0 ms/img)
  ・演算スキップファイル (DBV4 score): 0 枚 | 速度: 測定対象なし
  ・詳細: タグ書き込み 1 枚, 整理移動 0 枚
[INFO] Client転送モード: 元画像をそのまま送信します。
[WARN] このモデルはバッチ推論に非対応のため、batch-size=1に変更します。

[22:29:56] 127.0.0.1       | File: original.png | Size: 18.7 KB | Processing...
[22:29:56] 127.0.0.1       | File: original.png | HTTP受信: 0.02 MiB / 0.000s = 608.44 MiB/s
[22:30:29] 127.0.0.1       | File: original.png | Processed OK (32.76s)
  0%|          | 0/1 [00:00<?, ?img/s]
  0%|          | 0/1 [00:33<?, ?img/s, 推論:1枚(0.0/s) Skip:0枚(0.0/s)]
[original.png] Gen:[32m████[90m░[0m99.3% Sen:[33m[90m░░░░░[0m00.6% Que:[35m[90m░░░░░[0m00.2% Exp:[31m[90m░░░░░[0m00.0% => [32m[R-00][0m
                                                                       

  0%|          | 0/1 [00:33<?, ?img/s, 推論:1枚(0.0/s) Skip:0枚(0.0/s)]
100%|██████████| 1/1 [00:33<00:00, 33.59s/img, 推論:1枚(0.0/s) Skip:0枚(0.0/s)]
100%|██████████| 1/1 [00:33<00:00, 33.66s/img, 推論:1枚(0.0/s) Skip:0枚(0.0/s)]

[完了] 処理結果サマリー:
  ・推論実行ファイル (DBV4 AI演算あり): 1 枚 | 速度: 0.03 img/s (33005.2 ms/img)
  ・演算スキップファイル (DBV4 score): 0 枚 | 速度: 測定対象なし
  ・詳細: タグ書き込み 1 枚, 整理移動 0 枚
[INFO] Client前処理モード: モデル入力テンソルを可逆圧縮して送信します。
[WARN] このモデルはバッチ推論に非対応のため、batch-size=1に変更します。

[22:30:31] 127.0.0.1       | File: 画像 | Size: 129.4 KB | Processing...
[22:30:31] 127.0.0.1       | File: 画像 | HTTP受信: 0.13 MiB / 0.000s = 322.55 MiB/s
[INFO] 127.0.0.1 | 推論開始: 1枚
[INFO] 127.0.0.1 | 推論完了: 1枚 / 33.20s
[INFO] 127.0.0.1 | 結果送信完了: 1枚
  0%|          | 0/1 [00:00<?, ?img/s]
[preprocessed.png] Gen:[32m████[90m░[0m99.3% Sen:[33m[90m░░░░░[0m00.6% Que:[35m[90m░░░░░[0m00.2% Exp:[31m[90m░░░░░[0m00.0% => [32m[R-00][0m
  0%|          | 0/1 [00:33<?, ?img/s, 推論:1枚(0.0/s) Skip:0枚(0.0/s)]
                                                                       

  0%|          | 0/1 [00:33<?, ?img/s, 推論:1枚(0.0/s) Skip:0枚(0.0/s)]
100%|██████████| 1/1 [00:34<00:00, 34.07s/img, 推論:1枚(0.0/s) Skip:0枚(0.0/s)]
100%|██████████| 1/1 [00:34<00:00, 34.14s/img, 推論:1枚(0.0/s) Skip:0枚(0.0/s)]

[完了] 処理結果サマリー:
  ・推論実行ファイル (DBV4 AI演算あり): 1 枚 | 速度: 0.03 img/s (33516.5 ms/img)
  ・演算スキップファイル (DBV4 score): 0 枚 | 速度: 測定対象なし
  ・詳細: タグ書き込み 1 枚, 整理移動 0 枚
ok

----------------------------------------------------------------------
Ran 2 tests in 181.163s

OK
