Running as unit: dbv4-ncnn-candidate-fp32-20261003.service; invocation ID: 8331918b8fbf433fbd9d36820d3d255c
[WARN] ultraはRTX 2070 Max-Q・DirectML・batch-size=4でピーク6,583MiB、測定前を除く増分5,743MiBを確認済みです。8GB以上のGPUを推奨し、空き容量不足時はbatch-sizeを下げてください。
[0 AMD Radeon Graphics (RADV RENOIR)]  queueC=1[4]  queueT=0[1]  prefer-slm=0  rebar=1  r-score=11
[0 AMD Radeon Graphics (RADV RENOIR)]  fp16-p/s/u/a=1/1/1/1  int8-p/s/u/a=1/1/1/1  bf16-p/s=1/0
[0 AMD Radeon Graphics (RADV RENOIR)]  subgroup=64(64~64)  ops=1/1/1/1/1/1/1/1/1/1
[0 AMD Radeon Graphics (RADV RENOIR)]  fp16-cm=0  int8-cm=0  bf16-cm=0  fp8-cm=0  fp6-cm=0  fp4-cm=0
[1 llvmpipe (LLVM 21.1.8, 256 bits)]  queueC=0[1]  queueT=0[1]  prefer-slm=0  rebar=1  r-score=14
[1 llvmpipe (LLVM 21.1.8, 256 bits)]  fp16-p/s/u/a=1/1/1/1  int8-p/s/u/a=1/1/1/1  bf16-p/s=1/0
[1 llvmpipe (LLVM 21.1.8, 256 bits)]  subgroup=8(8~8)  ops=1/1/1/1/1/1/1/1/1/1
[1 llvmpipe (LLVM 21.1.8, 256 bits)]  fp16-cm=8x8x8  int8-cm=8x8x8  bf16-cm=0  fp8-cm=0  fp6-cm=0  fp4-cm=0
[INFO] ncnn Vulkan GPU 0 (AMD Radeon Graphics (RADV RENOIR)): ultra, fp32, ラベル数 12476
[benchmark] Model initialization and startup probe: 10.80s
[benchmark] Warm-up 1/1
[benchmark] Iteration 1/3: 4935.94 ms/img
[benchmark] Iteration 2/3: 4935.93 ms/img
[benchmark] Iteration 3/3: 4930.10 ms/img
{
  "max_absolute_difference": 0.059077709913253784,
  "mean_absolute_difference": 9.021546429721639e-05,
  "selected_tag_symmetric_difference": [],
  "rating_absolute_difference": {
    "general": 0.0005652308464050293,
    "sensitive": 0.0003744480200111866,
    "questionable": 0.0003725100541487336,
    "explicit": 0.00018710875883698463
  }
}
          Finished with result: success
Main processes terminated with: code=exited, status=0/SUCCESS
               Service runtime: 33.291s
             CPU time consumed: 6.529s
                   Memory peak: 1.3G (swap: 0B)
