Running as unit: dbv4-ncnn-conv-direct-20261003.service; invocation ID: c1bec443577b4388b8b1e46db7ddc216
[WARN] ultraはRTX 2070 Max-Q・DirectML・batch-size=4でピーク6,583MiB、測定前を除く増分5,743MiBを確認済みです。8GB以上のGPUを推奨し、空き容量不足時はbatch-sizeを下げてください。
[0 AMD Radeon Graphics (RADV RENOIR)]  queueC=1[4]  queueT=0[1]  rebar=1  r-score=11
[0 AMD Radeon Graphics (RADV RENOIR)]  fp16-p/s/u/a=1/1/1/1  int8-p/s/u/a=1/1/1/1  bf16-p/s=1/0
[0 AMD Radeon Graphics (RADV RENOIR)]  subgroup=64(64~64)  ops=1/1/1/1/1/1/1/1/1/1
[0 AMD Radeon Graphics (RADV RENOIR)]  fp16-cm=0  int8-cm=0  bf16-cm=0  fp8-cm=0
[1 llvmpipe (LLVM 21.1.8, 256 bits)]  queueC=0[1]  queueT=0[1]  rebar=1  r-score=14
[1 llvmpipe (LLVM 21.1.8, 256 bits)]  fp16-p/s/u/a=1/1/1/1  int8-p/s/u/a=1/1/1/1  bf16-p/s=1/0
[1 llvmpipe (LLVM 21.1.8, 256 bits)]  subgroup=8(8~8)  ops=1/1/1/1/1/1/1/1/1/1
[1 llvmpipe (LLVM 21.1.8, 256 bits)]  fp16-cm=8x8x8  int8-cm=8x8x8  bf16-cm=0  fp8-cm=0
[INFO] ncnn Vulkan GPU 0 (AMD Radeon Graphics (RADV RENOIR)): ultra, fp32, ラベル数 12476
[benchmark] Model initialization and startup probe: 10.54s
[benchmark] Warm-up 1/1
[benchmark] Iteration 1/3: 4921.23 ms/img
[benchmark] Iteration 2/3: 4910.11 ms/img
[benchmark] Iteration 3/3: 4918.91 ms/img
{
  "max_absolute_difference": 0.05661657452583313,
  "mean_absolute_difference": 5.0669983465922996e-05,
  "selected_tag_symmetric_difference": [
    "perspective"
  ],
  "rating_absolute_difference": {
    "general": 0.0002662539482116699,
    "sensitive": 0.0011864234693348408,
    "questionable": 0.00020858156494796276,
    "explicit": 6.50253496132791e-05
  }
}
          Finished with result: success
Main processes terminated with: code=exited, status=0/SUCCESS
               Service runtime: 32.953s
             CPU time consumed: 7.031s
                   Memory peak: 1.8G (swap: 0B)
