Running as unit: dbv4-cpu-reshape.service; invocation ID: bd0a49011a434282b365bed4d54a5a80
[0 AMD Radeon Graphics (RADV RENOIR)]  queueC=1[4]  queueT=0[1]  rebar=1  r-score=11
[0 AMD Radeon Graphics (RADV RENOIR)]  fp16-p/s/u/a=1/1/1/1  int8-p/s/u/a=1/1/1/1  bf16-p/s=1/0
[0 AMD Radeon Graphics (RADV RENOIR)]  subgroup=64(64~64)  ops=1/1/1/1/1/1/1/1/1/1
[0 AMD Radeon Graphics (RADV RENOIR)]  fp16-cm=0  int8-cm=0  bf16-cm=0  fp8-cm=0
[1 llvmpipe (LLVM 21.1.8, 256 bits)]  queueC=0[1]  queueT=0[1]  rebar=1  r-score=14
[1 llvmpipe (LLVM 21.1.8, 256 bits)]  fp16-p/s/u/a=1/1/1/1  int8-p/s/u/a=1/1/1/1  bf16-p/s=1/0
[1 llvmpipe (LLVM 21.1.8, 256 bits)]  subgroup=8(8~8)  ops=1/1/1/1/1/1/1/1/1/1
[1 llvmpipe (LLVM 21.1.8, 256 bits)]  fp16-cm=8x8x8  int8-cm=8x8x8  bf16-cm=0  fp8-cm=0
[WARN] ultraはRTX 2070 Max-Q・DirectML・batch-size=4でピーク6,583MiB、測定前を除く増分5,743MiBを確認済みです。8GB以上のGPUを推奨し、空き容量不足時はbatch-sizeを下げてください。
Diagnostic CPU layers: 145 ['Reshape']
[INFO] ncnn Vulkan GPU 0 (AMD Radeon Graphics (RADV RENOIR)): ultra, fp32, ラベル数 12476
[benchmark] Model initialization and startup probe: 13.23s
[benchmark] Warm-up 1/1
[benchmark] Iteration 1/3: 8015.21 ms/img
[benchmark] Iteration 2/3: 8009.48 ms/img
[benchmark] Iteration 3/3: 8029.31 ms/img
{
  "max_absolute_difference": 0.07989364862442017,
  "mean_absolute_difference": 5.184416295378469e-05,
  "selected_tag_symmetric_difference": [],
  "rating_absolute_difference": {
    "general": 0.0003089308738708496,
    "sensitive": 0.00021324865520000458,
    "questionable": 0.00011570309288799763,
    "explicit": 2.251903060823679e-05
  }
}
          Finished with result: success
Main processes terminated with: code=exited, status=0/SUCCESS
               Service runtime: 48.145s
             CPU time consumed: 48.152s
                   Memory peak: 1.3G (swap: 0B)
