Running as unit: dbv4-ncnn-integration-20261003.service; invocation ID: 7bc2f037182348499aae62980568a358
[WARN] ultraはRTX 2070 Max-Q・DirectML・batch-size=4でピーク6,583MiB、測定前を除く増分5,743MiBを確認済みです。8GB以上のGPUを推奨し、空き容量不足時はbatch-sizeを下げてください。
[0 AMD Radeon Graphics (RADV RENOIR)]  queueC=1[4]  queueT=0[1]  rebar=1  r-score=11
[0 AMD Radeon Graphics (RADV RENOIR)]  fp16-p/s/u/a=1/1/1/1  int8-p/s/u/a=1/1/1/1  bf16-p/s=1/0
[0 AMD Radeon Graphics (RADV RENOIR)]  subgroup=64(64~64)  ops=1/1/1/1/1/1/1/1/1/1
[0 AMD Radeon Graphics (RADV RENOIR)]  fp16-cm=0  int8-cm=0  bf16-cm=0  fp8-cm=0
[1 llvmpipe (LLVM 21.1.8, 256 bits)]  queueC=0[1]  queueT=0[1]  rebar=1  r-score=14
[1 llvmpipe (LLVM 21.1.8, 256 bits)]  fp16-p/s/u/a=1/1/1/1  int8-p/s/u/a=1/1/1/1  bf16-p/s=1/0
[1 llvmpipe (LLVM 21.1.8, 256 bits)]  subgroup=8(8~8)  ops=1/1/1/1/1/1/1/1/1/1
[1 llvmpipe (LLVM 21.1.8, 256 bits)]  fp16-cm=8x8x8  int8-cm=8x8x8  bf16-cm=0  fp8-cm=0
[INFO] ncnn Vulkan GPU 0 (AMD Radeon Graphics (RADV RENOIR)): ultra, fp32, ラベル数 12476
test_cpu_probability_rating_and_threshold_parity (test_ncnn_integration.NcnnIntegrationTests.test_cpu_probability_rating_and_threshold_parity) ... FAIL
test_standalone_and_both_client_modes_write_same_xmp (test_ncnn_integration.NcnnIntegrationTests.test_standalone_and_both_client_modes_write_same_xmp) ... [WARN] このモデルはバッチ推論に非対応のため、batch-size=1に変更します。
  0%|          | 0/1 [00:00<?, ?img/s]  0%|          | 0/1 [00:06<?, ?img/s, 推論:1枚(0.1/s) Skip:0枚(0.0/s)]                                                                       [standalone.png] Gen:[32m████[90m░[0m99.3% Sen:[33m[90m░░░░░[0m00.7% Que:[35m[90m░░░░░[0m00.2% Exp:[31m[90m░░░░░[0m00.1% => [32m[R-00][0m
  0%|          | 0/1 [00:06<?, ?img/s, 推論:1枚(0.1/s) Skip:0枚(0.0/s)]100%|██████████| 1/1 [00:06<00:00,  6.92s/img, 推論:1枚(0.1/s) Skip:0枚(0.0/s)]/opt/dbv4-wd14-tagger/embed_tags_universal.py:329: ResourceWarning: unclosed file <_io.BufferedReader name=18>
  self.process = None
ResourceWarning: Enable tracemalloc to get the object allocation traceback
100%|██████████| 1/1 [00:06<00:00,  6.93s/img, 推論:1枚(0.1/s) Skip:0枚(0.0/s)]

[完了] 処理結果サマリー:
  ・推論実行ファイル (DBV4 AI演算あり): 1 枚 | 速度: 0.15 img/s (6759.2 ms/img)
  ・演算スキップファイル (DBV4 score): 0 枚 | 速度: 測定対象なし
  ・詳細: タグ書き込み 1 枚, 整理移動 0 枚
FAIL

======================================================================
FAIL: test_cpu_probability_rating_and_threshold_parity (test_ncnn_integration.NcnnIntegrationTests.test_cpu_probability_rating_and_threshold_parity)
----------------------------------------------------------------------
Traceback (most recent call last):
  File "/opt/dbv4-wd14-tagger/tests/test_ncnn_integration.py", line 38, in test_cpu_probability_rating_and_threshold_parity
    np.testing.assert_allclose(self.probabilities, reference['probabilities'],
    ~~~~~~~~~~~~~~~~~~~~~~~~~~^^^^^^^^^^^^^^^^^^^^^^^^^^^^^^^^^^^^^^^^^^^^^^^^
                               atol=1e-4, rtol=1e-3)
                               ^^^^^^^^^^^^^^^^^^^^^
  File "/opt/dbv4-wd14-tagger/venv_ncnn/lib/python3.13/site-packages/numpy/testing/_private/utils.py", line 1780, in assert_allclose
    assert_array_compare(compare, actual, desired, err_msg=str(err_msg),
    ~~~~~~~~~~~~~~~~~~~~^^^^^^^^^^^^^^^^^^^^^^^^^^^^^^^^^^^^^^^^^^^^^^^^
                         verbose=verbose, header=header, equal_nan=equal_nan,
                         ^^^^^^^^^^^^^^^^^^^^^^^^^^^^^^^^^^^^^^^^^^^^^^^^^^^^
                         strict=strict)
                         ^^^^^^^^^^^^^^
  File "/opt/dbv4-wd14-tagger/venv_ncnn/lib/python3.13/site-packages/numpy/testing/_private/utils.py", line 988, in assert_array_compare
    raise AssertionError(msg)
AssertionError: 
Not equal to tolerance rtol=0.001, atol=0.0001

Mismatched elements: 620 / 12476 (4.97%)
First 5 mismatches are at indices:
 [1]: 0.006578647065907717 (ACTUAL), 0.006199647206813097 (DESIRED)
 [2]: 0.001799320220015943 (ACTUAL), 0.0016116643091663718 (DESIRED)
 [4]: 0.30945825576782227 (ACTUAL), 0.2613007724285126 (DESIRED)
 [5]: 0.8188358545303345 (ACTUAL), 0.7983035445213318 (DESIRED)
 [6]: 0.050535622984170914 (ACTUAL), 0.04500608891248703 (DESIRED)
Max absolute difference among violations: 0.06940109
Max relative difference among violations: 0.7901846
 ACTUAL: array([9.929054e-01, 6.578647e-03, 1.799320e-03, ..., 3.326490e-07,
       4.551691e-07, 7.086485e-07], shape=(12476,), dtype=float32)
 DESIRED: array([9.933234e-01, 6.199647e-03, 1.611664e-03, ..., 2.411509e-07,
       3.146233e-07, 5.210940e-07], shape=(12476,))

======================================================================
FAIL: test_standalone_and_both_client_modes_write_same_xmp (test_ncnn_integration.NcnnIntegrationTests.test_standalone_and_both_client_modes_write_same_xmp)
----------------------------------------------------------------------
Traceback (most recent call last):
  File "/opt/dbv4-wd14-tagger/tests/test_ncnn_integration.py", line 77, in test_standalone_and_both_client_modes_write_same_xmp
    self.assertTrue(set(app.format_score_tags(self.runtime.metadata,
    ~~~~~~~~~~~~~~~^^^^^^^^^^^^^^^^^^^^^^^^^^^^^^^^^^^^^^^^^^^^^^^^^
                                             self.probabilities)).issubset(tags))
                                             ^^^^^^^^^^^^^^^^^^^^^^^^^^^^^^^^^^^^
AssertionError: False is not true

----------------------------------------------------------------------
Ran 2 tests in 26.788s

FAILED (failures=2)
          Finished with result: exit-code
Main processes terminated with: code=exited, status=1/FAILURE
               Service runtime: 27.259s
             CPU time consumed: 5.946s
                   Memory peak: 2.6G (swap: 0B)
