Running as unit: dbv4-native-no-shared.service; invocation ID: 719c84ff2e01414d86c418619d20dc2b
[0 AMD Radeon Graphics (RADV RENOIR)]  queueC=1[4]  queueT=0[1]  prefer-slm=0  rebar=1  r-score=11
[0 AMD Radeon Graphics (RADV RENOIR)]  fp16-p/s/u/a=1/1/1/1  int8-p/s/u/a=1/1/1/1  bf16-p/s=1/0
[0 AMD Radeon Graphics (RADV RENOIR)]  subgroup=64(64~64)  ops=1/1/1/1/1/1/1/1/1/1
[0 AMD Radeon Graphics (RADV RENOIR)]  fp16-cm=0  int8-cm=0  bf16-cm=0  fp8-cm=0  fp6-cm=0  fp4-cm=0
[1 llvmpipe (LLVM 21.1.8, 256 bits)]  queueC=0[1]  queueT=0[1]  prefer-slm=0  rebar=1  r-score=14
[1 llvmpipe (LLVM 21.1.8, 256 bits)]  fp16-p/s/u/a=1/1/1/1  int8-p/s/u/a=1/1/1/1  bf16-p/s=1/0
[1 llvmpipe (LLVM 21.1.8, 256 bits)]  subgroup=8(8~8)  ops=1/1/1/1/1/1/1/1/1/1
[1 llvmpipe (LLVM 21.1.8, 256 bits)]  fp16-cm=8x8x8  int8-cm=8x8x8  bf16-cm=0  fp8-cm=0  fp6-cm=0  fp4-cm=0
[WARN] ultraはRTX 2070 Max-Q・DirectML・batch-size=4でピーク6,583MiB、測定前を除く増分5,743MiBを確認済みです。8GB以上のGPUを推奨し、空き容量不足時はbatch-sizeを下げてください。
[INFO] ncnn Vulkan GPU 0 (AMD Radeon Graphics (RADV RENOIR)): ultra, fp32, ラベル数 12476
[benchmark] Model initialization and startup probe: 10.41s
[benchmark] Warm-up 1/1
[benchmark] Iteration 1/3: 6545.72 ms/img
[benchmark] Iteration 2/3: 6546.27 ms/img
[benchmark] Iteration 3/3: 6543.64 ms/img
{
  "max_absolute_difference": 0.14439859986305237,
  "mean_absolute_difference": 0.00013293945812620223,
  "selected_tag_symmetric_difference": [
    "perspective",
    "very_wide_shot"
  ],
  "rating_absolute_difference": {
    "general": 0.0012760758399963379,
    "sensitive": 0.0008481177501380444,
    "questionable": 0.0002484843134880066,
    "explicit": 6.295493221841753e-05
  }
}
          Finished with result: success
Main processes terminated with: code=exited, status=0/SUCCESS
               Service runtime: 39.331s
             CPU time consumed: 4.557s
                   Memory peak: 425.8M (swap: 0B)
