Running as unit: dbv4-no-shared.service; invocation ID: c3b2878e224f42c8b577348d6f5e4e5a
[0 AMD Radeon Graphics (RADV RENOIR)]  queueC=1[4]  queueT=0[1]  rebar=1  r-score=11
[0 AMD Radeon Graphics (RADV RENOIR)]  fp16-p/s/u/a=1/1/1/1  int8-p/s/u/a=1/1/1/1  bf16-p/s=1/0
[0 AMD Radeon Graphics (RADV RENOIR)]  subgroup=64(64~64)  ops=1/1/1/1/1/1/1/1/1/1
[0 AMD Radeon Graphics (RADV RENOIR)]  fp16-cm=0  int8-cm=0  bf16-cm=0  fp8-cm=0
[1 llvmpipe (LLVM 21.1.8, 256 bits)]  queueC=0[1]  queueT=0[1]  rebar=1  r-score=14
[1 llvmpipe (LLVM 21.1.8, 256 bits)]  fp16-p/s/u/a=1/1/1/1  int8-p/s/u/a=1/1/1/1  bf16-p/s=1/0
[1 llvmpipe (LLVM 21.1.8, 256 bits)]  subgroup=8(8~8)  ops=1/1/1/1/1/1/1/1/1/1
[1 llvmpipe (LLVM 21.1.8, 256 bits)]  fp16-cm=8x8x8  int8-cm=8x8x8  bf16-cm=0  fp8-cm=0
[WARN] ultraはRTX 2070 Max-Q・DirectML・batch-size=4でピーク6,583MiB、測定前を除く増分5,743MiBを確認済みです。8GB以上のGPUを推奨し、空き容量不足時はbatch-sizeを下げてください。
Traceback (most recent call last):
  File "/opt/dbv4-wd14-tagger/diagnose_ncnn_vulkan.py", line 125, in <module>
    main()
    ~~~~^^
  File "/opt/dbv4-wd14-tagger/diagnose_ncnn_vulkan.py", line 116, in main
    result, measured_start = run(options, monitor)
                             ~~~^^^^^^^^^^^^^^^^^^
  File "/opt/dbv4-wd14-tagger/benchmark_ncnn.py", line 139, in run
    runtime = load_runtime_model(
        args.provider != "cpu", args.profile, provider=args.provider,
        gpu_index=args.gpu_index, ncnn_precision=args.ncnn_precision,
        model_file=args.model_file,
    )
  File "/opt/dbv4-wd14-tagger/embed_tags_universal.py", line 666, in load_runtime_model
    runtime = NcnnRuntimeModel(metadata, preprocessor, prefix, gpu_index, ncnn_precision)
  File "/opt/dbv4-wd14-tagger/ncnn_backend.py", line 108, in __init__
    self.net = ncnn.Net()
               ~~~~~~~~^^
  File "/opt/dbv4-wd14-tagger/diagnose_ncnn_vulkan.py", line 107, in configured_net
    setattr(net.opt, name, False)
    ~~~~~~~^^^^^^^^^^^^^^^^^^^^^^
AttributeError: 'ncnn.ncnn.Option' object has no attribute 'use_shader_local_memory' and no __dict__ for setting new attributes
          Finished with result: exit-code
Main processes terminated with: code=exited, status=1/FAILURE
               Service runtime: 3.494s
             CPU time consumed: 2.007s
                   Memory peak: 106.9M (swap: 0B)
