Running as unit: dbv4-ncnn-no-winograd-20261003.service; invocation ID: 072cd0dbae11455597fed136075acaae
[WARN] ultraはRTX 2070 Max-Q・DirectML・batch-size=4でピーク6,583MiB、測定前を除く増分5,743MiBを確認済みです。8GB以上のGPUを推奨し、空き容量不足時はbatch-sizeを下げてください。
[0 AMD Radeon Graphics (RADV RENOIR)]  queueC=1[4]  queueT=0[1]  rebar=1  r-score=11
[0 AMD Radeon Graphics (RADV RENOIR)]  fp16-p/s/u/a=1/1/1/1  int8-p/s/u/a=1/1/1/1  bf16-p/s=1/0
[0 AMD Radeon Graphics (RADV RENOIR)]  subgroup=64(64~64)  ops=1/1/1/1/1/1/1/1/1/1
[0 AMD Radeon Graphics (RADV RENOIR)]  fp16-cm=0  int8-cm=0  bf16-cm=0  fp8-cm=0
[1 llvmpipe (LLVM 21.1.8, 256 bits)]  queueC=0[1]  queueT=0[1]  rebar=1  r-score=14
[1 llvmpipe (LLVM 21.1.8, 256 bits)]  fp16-p/s/u/a=1/1/1/1  int8-p/s/u/a=1/1/1/1  bf16-p/s=1/0
[1 llvmpipe (LLVM 21.1.8, 256 bits)]  subgroup=8(8~8)  ops=1/1/1/1/1/1/1/1/1/1
[1 llvmpipe (LLVM 21.1.8, 256 bits)]  fp16-cm=8x8x8  int8-cm=8x8x8  bf16-cm=0  fp8-cm=0
[INFO] ncnn Vulkan GPU 0 (AMD Radeon Graphics (RADV RENOIR)): ultra, fp32, ラベル数 12476
[benchmark] Model initialization and startup probe: 10.34s
[benchmark] Warm-up 1/1
[benchmark] Iteration 1/3: 6533.90 ms/img
[benchmark] Iteration 2/3: 6557.02 ms/img
[benchmark] Iteration 3/3: 6564.78 ms/img
{
  "max_absolute_difference": 0.15960198640823364,
  "mean_absolute_difference": 0.00013432851119432598,
  "selected_tag_symmetric_difference": [
    "negative_space",
    "perspective",
    "pixel_art",
    "very_wide_shot"
  ],
  "rating_absolute_difference": {
    "general": 0.0003140568733215332,
    "sensitive": 0.0006099268794059753,
    "questionable": 9.624380618333817e-05,
    "explicit": 8.797814371064305e-05
  }
}
          Finished with result: success
Main processes terminated with: code=exited, status=0/SUCCESS
               Service runtime: 39.269s
             CPU time consumed: 5.144s
                   Memory peak: 397.1M (swap: 0B)
