Running as unit: dbv4-radv-fullsync.service; invocation ID: a6c618ac3fe549099bf6fe84913c2766
[0 AMD Radeon Graphics (RADV RENOIR)]  queueC=1[4]  queueT=0[1]  rebar=1  r-score=11
[0 AMD Radeon Graphics (RADV RENOIR)]  fp16-p/s/u/a=1/1/1/1  int8-p/s/u/a=1/1/1/1  bf16-p/s=1/0
[0 AMD Radeon Graphics (RADV RENOIR)]  subgroup=64(64~64)  ops=1/1/1/1/1/1/1/1/1/1
[0 AMD Radeon Graphics (RADV RENOIR)]  fp16-cm=0  int8-cm=0  bf16-cm=0  fp8-cm=0
[1 llvmpipe (LLVM 21.1.8, 256 bits)]  queueC=0[1]  queueT=0[1]  rebar=1  r-score=14
[1 llvmpipe (LLVM 21.1.8, 256 bits)]  fp16-p/s/u/a=1/1/1/1  int8-p/s/u/a=1/1/1/1  bf16-p/s=1/0
[1 llvmpipe (LLVM 21.1.8, 256 bits)]  subgroup=8(8~8)  ops=1/1/1/1/1/1/1/1/1/1
[1 llvmpipe (LLVM 21.1.8, 256 bits)]  fp16-cm=8x8x8  int8-cm=8x8x8  bf16-cm=0  fp8-cm=0
[WARN] ultraはRTX 2070 Max-Q・DirectML・batch-size=4でピーク6,583MiB、測定前を除く増分5,743MiBを確認済みです。8GB以上のGPUを推奨し、空き容量不足時はbatch-sizeを下げてください。
[INFO] ncnn Vulkan GPU 0 (AMD Radeon Graphics (RADV RENOIR)): ultra, fp32, ラベル数 12476
[benchmark] Model initialization and startup probe: 11.63s
[benchmark] Warm-up 1/1
[benchmark] Iteration 1/3: 6547.62 ms/img
[benchmark] Iteration 2/3: 6545.56 ms/img
[benchmark] Iteration 3/3: 6546.80 ms/img
{
  "max_absolute_difference": 0.30129942297935486,
  "mean_absolute_difference": 0.0002842698013409972,
  "selected_tag_symmetric_difference": [
    "blue_background",
    "colored_skin",
    "negative_space",
    "perspective",
    "scribble",
    "very_wide_shot"
  ],
  "rating_absolute_difference": {
    "general": 0.0026682615280151367,
    "sensitive": 0.0016106045804917812,
    "questionable": 0.0006570707773789763,
    "explicit": 2.0840350771322846e-05
  }
}
          Finished with result: success
Main processes terminated with: code=exited, status=0/SUCCESS
               Service runtime: 40.610s
             CPU time consumed: 5.690s
                   Memory peak: 1.3G (swap: 0B)
