Running as unit: dbv4-radv-syncshaders.service; invocation ID: 65bcf155afa74c4cb768f2c841d705fe
[0 AMD Radeon Graphics (RADV RENOIR)]  queueC=1[4]  queueT=0[1]  rebar=1  r-score=11
[0 AMD Radeon Graphics (RADV RENOIR)]  fp16-p/s/u/a=1/1/1/1  int8-p/s/u/a=1/1/1/1  bf16-p/s=1/0
[0 AMD Radeon Graphics (RADV RENOIR)]  subgroup=64(64~64)  ops=1/1/1/1/1/1/1/1/1/1
[0 AMD Radeon Graphics (RADV RENOIR)]  fp16-cm=0  int8-cm=0  bf16-cm=0  fp8-cm=0
[1 llvmpipe (LLVM 21.1.8, 256 bits)]  queueC=0[1]  queueT=0[1]  rebar=1  r-score=14
[1 llvmpipe (LLVM 21.1.8, 256 bits)]  fp16-p/s/u/a=1/1/1/1  int8-p/s/u/a=1/1/1/1  bf16-p/s=1/0
[1 llvmpipe (LLVM 21.1.8, 256 bits)]  subgroup=8(8~8)  ops=1/1/1/1/1/1/1/1/1/1
[1 llvmpipe (LLVM 21.1.8, 256 bits)]  fp16-cm=8x8x8  int8-cm=8x8x8  bf16-cm=0  fp8-cm=0
[WARN] ultraはRTX 2070 Max-Q・DirectML・batch-size=4でピーク6,583MiB、測定前を除く増分5,743MiBを確認済みです。8GB以上のGPUを推奨し、空き容量不足時はbatch-sizeを下げてください。
[INFO] ncnn Vulkan GPU 0 (AMD Radeon Graphics (RADV RENOIR)): ultra, fp32, ラベル数 12476
[benchmark] Model initialization and startup probe: 10.32s
[benchmark] Warm-up 1/1
[benchmark] Iteration 1/3: 6565.26 ms/img
[benchmark] Iteration 2/3: 6563.64 ms/img
[benchmark] Iteration 3/3: 6555.61 ms/img
{
  "max_absolute_difference": 2.7418136596679688e-06,
  "mean_absolute_difference": 3.31525185082171e-09,
  "selected_tag_symmetric_difference": [],
  "rating_absolute_difference": {
    "general": 0.0,
    "sensitive": 1.3504177331924438e-08,
    "questionable": 1.1408701539039612e-08,
    "explicit": 4.0745362639427185e-10
  }
}
          Finished with result: success
Main processes terminated with: code=exited, status=0/SUCCESS
               Service runtime: 39.264s
             CPU time consumed: 5.240s
                   Memory peak: 412.6M (swap: 0B)
