Running as unit: dbv4-ncnn-stage3-20261003.service; invocation ID: ba64e8cfc12b43938fdc2bbefa0892f1
CPU blob 215: (1408, 32, 32)
CPU blob 563: (1408, 32, 32)
CPU blob 969: (1408, 32, 32)
CPU blob 971: (32, 32, 1408)
[0 AMD Radeon Graphics (RADV RENOIR)]  queueC=1[4]  queueT=0[1]  rebar=1  r-score=11
[0 AMD Radeon Graphics (RADV RENOIR)]  fp16-p/s/u/a=1/1/1/1  int8-p/s/u/a=1/1/1/1  bf16-p/s=1/0
[0 AMD Radeon Graphics (RADV RENOIR)]  subgroup=64(64~64)  ops=1/1/1/1/1/1/1/1/1/1
[0 AMD Radeon Graphics (RADV RENOIR)]  fp16-cm=0  int8-cm=0  bf16-cm=0  fp8-cm=0
[1 llvmpipe (LLVM 21.1.8, 256 bits)]  queueC=0[1]  queueT=0[1]  rebar=1  r-score=14
[1 llvmpipe (LLVM 21.1.8, 256 bits)]  fp16-p/s/u/a=1/1/1/1  int8-p/s/u/a=1/1/1/1  bf16-p/s=1/0
[1 llvmpipe (LLVM 21.1.8, 256 bits)]  subgroup=8(8~8)  ops=1/1/1/1/1/1/1/1/1/1
[1 llvmpipe (LLVM 21.1.8, 256 bits)]  fp16-cm=8x8x8  int8-cm=8x8x8  bf16-cm=0  fp8-cm=0
{"blob": "215", "shape": [1408, 32, 32], "max_absolute_difference": 0.000213623046875, "mean_absolute_difference": 1.907086016217363e-06, "cpu_min": -155.96932983398438, "cpu_max": 161.04885864257812, "allclose": true}
{"blob": "563", "shape": [1408, 32, 32], "max_absolute_difference": 41.034393310546875, "mean_absolute_difference": 0.24163584411144257, "cpu_min": -3032.05224609375, "cpu_max": 3341.08935546875, "allclose": false}
{"blob": "969", "shape": [1408, 32, 32], "max_absolute_difference": 27917.03515625, "mean_absolute_difference": 5.672790050506592, "cpu_min": -260074.28125, "cpu_max": 112067.375, "allclose": false}
{"blob": "971", "shape": [32, 32, 1408], "max_absolute_difference": 10.962520599365234, "mean_absolute_difference": 0.013727911747992039, "cpu_min": -13.382530212402344, "cpu_max": 8.843587875366211, "allclose": false}
          Finished with result: success
Main processes terminated with: code=exited, status=0/SUCCESS
               Service runtime: 40.402s
             CPU time consumed: 1min 15.300s
                   Memory peak: 3.7G (swap: 0B)
