Running as unit: dbv4-sync-default-fp32.service; invocation ID: 87d68a5a78d44bc6ab9f75b7eff0a163
[0 AMD Radeon Graphics (RADV RENOIR)]  queueC=1[4]  queueT=0[1]  rebar=1  r-score=11
[0 AMD Radeon Graphics (RADV RENOIR)]  fp16-p/s/u/a=1/1/1/1  int8-p/s/u/a=1/1/1/1  bf16-p/s=1/0
[0 AMD Radeon Graphics (RADV RENOIR)]  subgroup=64(64~64)  ops=1/1/1/1/1/1/1/1/1/1
[0 AMD Radeon Graphics (RADV RENOIR)]  fp16-cm=0  int8-cm=0  bf16-cm=0  fp8-cm=0
[1 llvmpipe (LLVM 21.1.8, 256 bits)]  queueC=0[1]  queueT=0[1]  rebar=1  r-score=14
[1 llvmpipe (LLVM 21.1.8, 256 bits)]  fp16-p/s/u/a=1/1/1/1  int8-p/s/u/a=1/1/1/1  bf16-p/s=1/0
[1 llvmpipe (LLVM 21.1.8, 256 bits)]  subgroup=8(8~8)  ops=1/1/1/1/1/1/1/1/1/1
[1 llvmpipe (LLVM 21.1.8, 256 bits)]  fp16-cm=8x8x8  int8-cm=8x8x8  bf16-cm=0  fp8-cm=0
[WARN] ultraはRTX 2070 Max-Q・DirectML・batch-size=4でピーク6,583MiB、測定前を除く増分5,743MiBを確認済みです。8GB以上のGPUを推奨し、空き容量不足時はbatch-sizeを下げてください。
[INFO] ncnn Vulkan GPU 0 (AMD Radeon Graphics (RADV RENOIR)): ultra, fp32, ラベル数 12476
[benchmark] Model initialization and startup probe: 10.30s
[benchmark] Warm-up 1/3
[benchmark] Warm-up 2/3
[benchmark] Warm-up 3/3
[benchmark] Iteration 1/20: 6503.73 ms/img
[benchmark] Iteration 2/20: 6501.81 ms/img
[benchmark] Iteration 3/20: 6506.79 ms/img
[benchmark] Iteration 4/20: 6505.67 ms/img
[benchmark] Iteration 5/20: 6509.28 ms/img
[benchmark] Iteration 6/20: 6507.59 ms/img
[benchmark] Iteration 7/20: 6499.55 ms/img
[benchmark] Iteration 8/20: 6512.58 ms/img
[benchmark] Iteration 9/20: 6506.09 ms/img
[benchmark] Iteration 10/20: 6501.35 ms/img
[benchmark] Iteration 11/20: 6503.01 ms/img
[benchmark] Iteration 12/20: 6509.03 ms/img
[benchmark] Iteration 13/20: 6508.65 ms/img
[benchmark] Iteration 14/20: 6502.12 ms/img
[benchmark] Iteration 15/20: 6505.18 ms/img
[benchmark] Iteration 16/20: 6506.89 ms/img
[benchmark] Iteration 17/20: 6505.44 ms/img
[benchmark] Iteration 18/20: 6506.89 ms/img
[benchmark] Iteration 19/20: 6502.51 ms/img
[benchmark] Iteration 20/20: 6505.03 ms/img
benchmarks/ncnn_amd_20261003/sync-default-fp32-b1.json: 6505.56 ms/img
          Finished with result: success
Main processes terminated with: code=exited, status=0/SUCCESS
               Service runtime: 2min 42.620s
             CPU time consumed: 7.078s
                   Memory peak: 396.7M (swap: 0B)
