[    0.000000] ps4: x86_ps4_early_setup: PS4 early setup
[    0.000000] Linux version 7.1.7-Strawberry-General-FullLTO+ (runner@runnervmgx7h7) (Ubuntu clang version 18.1.3 (1ubuntu1), Ubuntu LLD 18.1.3) #1 SMP PREEMPT_DYNAMIC Tue Aug 25 18:56:41 UTC 2026
               
                 _________ __                       ___.
                /   _____//  |_____________ __  _  _\_ |__   __________________ ___.__.
                \_____  \\   __\_  __ \__  \\ \/ \/ /| __ \_/ __ \_  __ \_  __ <   |  |
                /        \|  |  |  | \// __ \\     / | \_\ \  ___/|  | \/|  | \/\___  |
               /_______  /|__|  |__|  (____  /\/\_/  |___  /\___  >__|   |__|   / ____|
                       \/                  \/            \/     \/              \/
               
                 Strawberry PS4 Linux
                 Platform  : Sony PlayStation 4
                 Release   : 7.1.7-Strawberry-General-FullLTO+
                 Builder   : runner@runnervmgx7h7
                 Toolchain : Ubuntu clang version 18.1.3 (1ubuntu1), Ubuntu LLD 18.1.3
                 Build     : #1 SMP PREEMPT_DYNAMIC Tue Aug 25 18:56:41 UTC 2026

[    0.000000] Command line: mitigations=off
[    0.000000] KERNEL supported cpus:
[    0.000000]   AMD AuthenticAMD
[    0.000000] BIOS-provided physical RAM map:
[    0.000000] BIOS-e820: [mem 0x0000000000000000-0x0000000000007fff]  System RAM
[    0.000000] BIOS-e820: [mem 0x0000000000008000-0x000000000007ffff]  device reserved
[    0.000000] BIOS-e820: [mem 0x0000000000080000-0x0000000000099fff]  System RAM
[    0.000000] BIOS-e820: [mem 0x000000000009a000-0x00000000000bffff]  device reserved
[    0.000000] BIOS-e820: [gap 0x00000000000c0000-0x00000000000dffff]
[    0.000000] BIOS-e820: [mem 0x00000000000e0000-0x00000000000effff]  ACPI data
[    0.000000] BIOS-e820: [gap 0x00000000000f0000-0x00000000000fffff]
[    0.000000] BIOS-e820: [mem 0x0000000000100000-0x00000000003fffff]  System RAM
[    0.000000] BIOS-e820: [mem 0x0000000000400000-0x000000000047ffff]  device reserved
[    0.000000] BIOS-e820: [mem 0x0000000000480000-0x000000000067ffff]  System RAM
[    0.000000] BIOS-e820: [mem 0x0000000000680000-0x00000000006fffff]  device reserved
[    0.000000] BIOS-e820: [mem 0x0000000000700000-0x000000007efe7fff]  System RAM
[    0.000000] BIOS-e820: [mem 0x000000007efe8000-0x000000007efeffff]  ACPI NVS
[    0.000000] BIOS-e820: [mem 0x000000007eff0000-0x000000007effffff]  ACPI data
[    0.000000] BIOS-e820: [mem 0x000000007f000000-0x000000007fffffff]  System RAM
[    0.000000] BIOS-e820: [mem 0x0000000080000000-0x00000000fbffffff]  device reserved
[    0.000000] BIOS-e820: [gap 0x00000000fc000000-0x00000000ffffffff]
[    0.000000] BIOS-e820: [mem 0x0000000100000000-0x00000001ffffffff]  device reserved
[    0.000000] BIOS-e820: [mem 0x0000000200000000-0x000000027effffff]  System RAM
[    0.000000] Kernel compiled without mitigations, ignoring 'mitigations'; system may still be vulnerable
[    0.000000] NX (Execute Disable) protection: active
[    0.000000] APIC: Static calls initialized
[    0.000000] DMI: SMBIOS 2.1 present.
[    0.000000] DMI:  , BIOS unde Wed 09/22/2021 16:2
[    0.000000] ps4_dmi: filling missing DMI fields with PS4 defaults
[    0.000000] DMI: Memory slots populated: 1/1
[    0.000000] ps4: EMC timer started in 43306 TSC ticks
[    0.000000] ps4: Calibrated TSC frequency: 1593701888 kHz
[    0.000000] tsc: Detected 1593.702 MHz processor
[    0.000911] e820: update [mem 0x00000000-0x00000fff] System RAM ==> device reserved
[    0.000917] e820: remove [mem 0x000a0000-0x000fffff] System RAM
[    0.000931] last_pfn = 0x27f000 max_arch_pfn = 0x400000000
[    0.000940] MTRR map: 6 entries (3 fixed + 3 variable; max 20), built from 9 variable MTRRs
[    0.000945] x86/PAT: Configuration [0-7]: WB  WC  UC- UC  WB  WP  UC- WT  
[    0.001209] e820: update [mem 0x80000000-0x1ffffffff] System RAM ==> device reserved
[    0.001222] last_pfn = 0x80000 max_arch_pfn = 0x400000000
[    0.009459] Using GB pages for direct mapping
[    0.010663] RAMDISK: [mem 0x0f000000-0x0f3e5fff]
[    0.010682] ACPI: Early table checksum verification disabled
[    0.010688] ACPI: RSDP 0x00000000000E0000 000024 (v02 SIE   )
[    0.010696] ACPI: XSDT 0x00000000000E0088 00004C (v01 SIE    ORBIS    20121218 INTL 20110211)
[    0.010705] ACPI: FACP 0x00000000000E016C 0000F4 (v04 SIE    ORBIS    20130205 INTL 20110211)
[    0.010715] ACPI: DSDT 0x00000000000E0430 00018C (v02 SIE    ORBIS    20121002 INTL 20110211)
[    0.010721] ACPI: FACS 0x00000000000E012C 000040
[    0.010725] ACPI: FACS 0x00000000000E012C 000040
[    0.010730] ACPI: APIC 0x00000000000E0298 00006C (v02 SIE    ORBIS    20120725 INTL 20110211)
[    0.010736] ACPI: MCFG 0x00000000000E0304 00003C (v01 SIE    ORBIS    20120725 INTL 20110211)
[    0.010741] ACPI: SSDT 0x00000000000E0730 001944 (v01 AMD    POWERNOW 00000001 AMD  00000001)
[    0.010747] ACPI: IVRS 0x00000000000E2074 000054 (v01 F0F    PS4KEXEC 20161225 KEXC 20161225)
[    0.010752] ACPI: Reserving FACP table memory at [mem 0xe016c-0xe025f]
[    0.010755] ACPI: Reserving DSDT table memory at [mem 0xe0430-0xe05bb]
[    0.010757] ACPI: Reserving FACS table memory at [mem 0xe012c-0xe016b]
[    0.010759] ACPI: Reserving FACS table memory at [mem 0xe012c-0xe016b]
[    0.010761] ACPI: Reserving APIC table memory at [mem 0xe0298-0xe0303]
[    0.010763] ACPI: Reserving MCFG table memory at [mem 0xe0304-0xe033f]
[    0.010765] ACPI: Reserving SSDT table memory at [mem 0xe0730-0xe2073]
[    0.010766] ACPI: Reserving IVRS table memory at [mem 0xe2074-0xe20c7]
[    0.011462] ACPI: No IOAPIC entries present
[    0.011464] ACPI: Using ACPI for processor (LAPIC) configuration information
[    0.011471] CPU topo: Max. logical packages:   1
[    0.011473] CPU topo: Max. logical nodes:      1
[    0.011475] CPU topo: Num. nodes per package:  1
[    0.011481] CPU topo: Max. logical dies:       1
[    0.011482] CPU topo: Max. dies per package:   1
[    0.011494] CPU topo: Max. threads per core:   1
[    0.011495] CPU topo: Num. cores per package:     8
[    0.011496] CPU topo: Num. threads per package:   8
[    0.011498] CPU topo: Allowing 8 present CPUs plus 0 hotplug CPUs
[    0.011521] [gap 0xfc000000-0xffffffff] available for PCI devices
[    0.011526] clocksource: refined-jiffies: mask: 0xffffffff max_cycles: 0xffffffff, max_idle_ns: 7645519600211568 ns
[    0.011562] Zone ranges:
[    0.011563]   DMA      [mem 0x0000000000001000-0x0000000000ffffff]
[    0.011567]   DMA32    [mem 0x0000000001000000-0x00000000ffffffff]
[    0.011571]   Normal   [mem 0x0000000100000000-0x000000027effffff]
[    0.011574] Movable zone start for each node
[    0.011575] Early memory node ranges
[    0.011576]   node   0: [mem 0x0000000000001000-0x0000000000007fff]
[    0.011579]   node   0: [mem 0x0000000000080000-0x0000000000099fff]
[    0.011581]   node   0: [mem 0x0000000000100000-0x00000000003fffff]
[    0.011583]   node   0: [mem 0x0000000000480000-0x000000000067ffff]
[    0.011585]   node   0: [mem 0x0000000000700000-0x000000007efe7fff]
[    0.011588]   node   0: [mem 0x000000007f000000-0x000000007fffffff]
[    0.011590]   node   0: [mem 0x0000000200000000-0x000000027effffff]
[    0.011593] Initmem setup node 0 [mem 0x0000000000001000-0x000000027effffff]
[    0.011605] On node 0, zone DMA: 1 pages in unavailable ranges
[    0.011610] On node 0, zone DMA: 120 pages in unavailable ranges
[    0.011630] On node 0, zone DMA: 102 pages in unavailable ranges
[    0.011646] On node 0, zone DMA: 128 pages in unavailable ranges
[    0.011699] On node 0, zone DMA: 128 pages in unavailable ranges
[    0.022630] On node 0, zone DMA32: 24 pages in unavailable ranges
[    0.033656] On node 0, zone Normal: 4096 pages in unavailable ranges
[    0.033674] setup_percpu: NR_CPUS:8 nr_cpumask_bits:8 nr_cpu_ids:8 nr_node_ids:1
[    0.034417] percpu: Embedded 44 pages/cpu s142464 r8192 d29568 u262144
[    0.034435] pcpu-alloc: s142464 r8192 d29568 u262144 alloc=1*2097152
[    0.034441] pcpu-alloc: [0] 0 1 2 3 4 5 6 7 
[    0.034472] Kernel command line: mitigations=off
[    0.034524] printk: log_buf_len individual max cpu contribution: 65536 bytes
[    0.034527] printk: log_buf_len total cpu_extra contributions: 458752 bytes
[    0.034528] printk: log_buf_len min size: 65536 bytes
[    0.035391] printk: log buffer data + meta data: 524288 + 1835008 = 2359296 bytes
[    0.035398] printk: early log buf free: 57912(88%)
[    0.036322] Dentry cache hash table entries: 524288 (order: 10, 4194304 bytes, linear)
[    0.036799] Inode-cache hash table entries: 262144 (order: 9, 2097152 bytes, linear)
[    0.036886] software IO TLB: area num 8.
[    0.066598] Built 1 zonelists, mobility grouping on.  Total pages: 1043977
[    0.066610] mem auto-init: stack:off, heap alloc:off, heap free:off
[    0.086995] SLUB: HWalign=64, Order=0-3, MinObjects=0, CPUs=8, Nodes=1
[    0.087147] Dynamic Preempt: full
[    0.087250] rcu: Preemptible hierarchical RCU implementation.
[    0.087253] 	Trampoline variant of Tasks RCU enabled.
[    0.087254] 	Tracing variant of Tasks RCU enabled.
[    0.087255] rcu: RCU calculated value of scheduler-enlistment delay is 25 jiffies.
[    0.087278] RCU Tasks: Setting shift to 3 and lim to 1 rcu_task_cb_adjust=1 rcu_task_cpu_ids=8.
[    0.087291] NR_IRQS: 4352, nr_irqs: 128, preallocated irqs: 0
[    0.087349] rcu: 	Offload RCU callbacks from CPUs: 0-7.
[    0.087357] rcu: srcu_init: Setting srcu_struct sizes based on contention.
[    0.087371] clocksource: jiffies: mask: 0xffffffff max_cycles: 0xffffffff, max_idle_ns: 7645041785100000 ns
[    0.087425] No irq handler for 0.49
[    0.087460] Console: colour dummy device 80x25
[    0.087466] printk: legacy console [tty0] enabled
[    0.087879] ACPI: Core revision 20251212
[    0.087966] ACPI: setting ELCR to 0200 (from ffff)
[    0.087985] Failed to register legacy timer interrupt
[    0.087990] APIC: Switch to symmetric I/O mode setup
[    0.088023] AMD-Vi: Using global IVHD EFR:0x0, EFR2:0x0
[    0.088136] clocksource: tsc-early: mask: 0xffffffffffffffff max_cycles: 0x16f8e777ca2, max_idle_ns: 440795268246 ns
[    0.088156] Calibrating delay loop (skipped), value calculated using timer frequency.. 3187.40 BogoMIPS (lpj=6374808)
[    0.088206] Last level iTLB entries: 4KB 512, 2MB 8, 4MB 4
[    0.088214] Last level dTLB entries: 4KB 512, 2MB 256, 4MB 128, 1GB 0
[    0.088232] mitigations: Enabled attack vectors: SMT mitigations: off
[    0.088240] Speculative Store Bypass: Vulnerable
[    0.088245] Spectre V2 : Vulnerable
[    0.088249] RETBleed: Vulnerable
[    0.088253] Spectre V1 : Vulnerable: __user pointer sanitization and usercopy barriers only; no swapgs barriers
[    0.088270] x86/fpu: Supporting XSAVE feature 0x001: 'x87 floating point registers'
[    0.088277] x86/fpu: Supporting XSAVE feature 0x002: 'SSE registers'
[    0.088283] x86/fpu: Supporting XSAVE feature 0x004: 'AVX registers'
[    0.088288] x86/fpu: xstate_offset[2]:  576, xstate_sizes[2]:  256
[    0.088294] x86/fpu: Enabled xstate features 0x7, context size is 832 bytes, using 'standard' format.
[    0.092147] pid_max: default: 32768 minimum: 301
[    0.092147] Mount-cache hash table entries: 8192 (order: 4, 65536 bytes, linear)
[    0.092147] Mountpoint-cache hash table entries: 8192 (order: 4, 65536 bytes, linear)
[    0.092147] VFS: Finished mounting rootfs on nullfs
[    0.092147] smpboot: CPU0: AMD Jaguar (family: 0x16, model: 0x13, stepping: 0x1)
[    0.092147] Performance Events: AMD PMU driver.
[    0.092147] ... version:                   0
[    0.092147] ... bit width:                 48
[    0.092147] ... generic counters:          4
[    0.092147] ... generic bitmap:            000000000000000f
[    0.092147] ... fixed-purpose counters:    0
[    0.092147] ... fixed-purpose bitmap:      0000000000000000
[    0.092147] ... value mask:                0000ffffffffffff
[    0.092147] ... max period:                00007fffffffffff
[    0.092147] ... global_ctrl mask:          000000000000000f
[    0.092147] signal: max sigframe size: 1776
[    0.092147] rcu: Hierarchical SRCU implementation.
[    0.092147] rcu: 	Max phase no-delay instances is 1000.
[    0.092147] Timer migration: 1 hierarchy levels; 8 children per group; 1 crossnode level
[    0.092147] smp: Bringing up secondary CPUs ...
[    0.092147] smpboot: x86: Booting SMP configuration:
[    0.092147] .... node  #0, CPUs:      #1 #2 #3 #4 #5 #6 #7
[    0.106151] smp: Brought up 1 node, 8 CPUs
[    0.106151] smpboot: Total of 8 processors activated (25499.23 BogoMIPS)
[    0.106151] Memory: 3965596K/4175908K available (34457K kernel code, 1111K rwdata, 20372K rodata, 1460K init, 668K bss, 205300K reserved, 0K cma-reserved)
[    0.108410] devtmpfs: initialized
[    0.108709] posixtimers hash table entries: 4096 (order: 4, 65536 bytes, linear)
[    0.108709] futex hash table entries: 2048 (131072 bytes on 1 NUMA nodes, total 128 KiB, linear).
[    0.108709] prandom: seed boundary self test passed
[    0.109471] prandom: 100 self tests passed
[    0.109476] xor: automatically using best checksumming function   avx       
[    0.110952] NET: Registered PF_NETLINK/PF_ROUTE protocol family
[    0.112167] audit: initializing netlink subsys (disabled)
[    0.112273] audit: type=2000 audit(0.024:1): state=initialized audit_enabled=0 res=1
[    0.112425] thermal_sys: Registered thermal governor 'step_wise'
[    0.112447] cpuidle: using governor ladder
[    0.112447] cpuidle: using governor menu
[    0.112447] Freeing SMP alternatives memory: 188K
[    0.112447] PCI: ECAM [mem 0xf8000000-0xfbffffff] (base 0xf8000000) for domain 0000 [bus 00-3f]
[    0.112454] PCI: Using configuration type 1 for base access
[    0.112675] HugeTLB: registered 2.00 MiB page size, pre-allocated 0 pages
[    0.112675] HugeTLB: 28 KiB vmemmap can be freed for a 2.00 MiB page
[    0.188151] raid6: sse2x4   gen()  3908 MB/s
[    0.256154] raid6: sse2x2   gen()  4060 MB/s
[    0.324153] raid6: sse2x1   gen()  3440 MB/s
[    0.324160] raid6: using algorithm sse2x2 gen() 4060 MB/s
[    0.392151] raid6: .... xor() 2600 MB/s, rmw enabled
[    0.392157] raid6: using ssse3x2 recovery algorithm
[    0.392263] ACPI: Added _OSI(Module Device)
[    0.392270] ACPI: Added _OSI(Processor Device)
[    0.392276] ACPI: Added _OSI(Processor Aggregator Device)
[    0.393329] ACPI: 2 ACPI AML tables successfully acquired and loaded
[    0.393557] ACPI: OSL: SCI (IRQ9) allocation failed
[    0.393564] ACPI Error: AE_NOT_ACQUIRED, Unable to install System Control Interrupt handler (20251212/evevent-96)
[    0.393576] ACPI: Unable to start the ACPI Interpreter
[    0.393581] ACPI Error: Could not remove SCI handler (20251212/evmisc-251)
[    0.400272] iommu: Default domain type: Passthrough
[    0.400330] SCSI subsystem initialized
[    0.400334] libata version 3.00 loaded.
[    0.400407] usbcore: registered new interface driver usbfs
[    0.400432] usbcore: registered new interface driver hub
[    0.400455] usbcore: registered new device driver usb
[    0.400574] Advanced Linux Sound Architecture Driver Initialized.
[    0.400910] Bluetooth: Core ver 2.22
[    0.400926] NET: Registered PF_BLUETOOTH protocol family
[    0.400931] Bluetooth: HCI device and connection manager initialized
[    0.400939] Bluetooth: HCI socket layer initialized
[    0.400945] Bluetooth: L2CAP socket layer initialized
[    0.400952] Bluetooth: SCO socket layer initialized
[    0.401023] PCI: Probing PCI hardware
[    0.401023] PCI: root bus 00: using default resources
[    0.401023] PCI: Probing PCI hardware (bus 00)
[    0.401023] PCI host bridge to bus 0000:00
[    0.401023] pci_bus 0000:00: root bus resource [io  0x0000-0xffff]
[    0.401023] pci_bus 0000:00: root bus resource [mem 0x00000000-0xffffffffff]
[    0.401023] pci_bus 0000:00: No busn resource found for root bus, will use [bus 00-ff]
[    0.401023] pci 0000:00:00.0: [1022:1436] type 00 class 0x060000 conventional PCI endpoint
[    0.401023] pci 0000:00:00.2: [1022:1437] type 00 class 0x080600 conventional PCI endpoint
[    0.401023] pci 0000:00:01.0: [1002:9922] type 00 class 0x030000 PCIe Root Complex Integrated Endpoint
[    0.401023] pci 0000:00:01.0: BAR 0 [mem 0xe0000000-0xe3ffffff 64bit pref]
[    0.401023] pci 0000:00:01.0: BAR 2 [mem 0xe4000000-0xe47fffff 64bit pref]
[    0.401023] pci 0000:00:01.0: BAR 4 [io  0x6000-0x60ff]
[    0.401023] pci 0000:00:01.0: BAR 5 [mem 0xe4800000-0xe483ffff]
[    0.401023] pci 0000:00:01.0: ROM [mem 0x00000000-0x0001ffff pref]
[    0.401023] pci 0000:00:01.0: enabling Extended Tags
[    0.401023] pci 0000:00:01.0: Video device with shadowed ROM at [mem 0x000c0000-0x000dffff]
[    0.401023] pci 0000:00:01.0: supports D1 D2
[    0.401023] pci 0000:00:01.0: PME# supported from D1 D2 D3hot
[    0.401023] pci 0000:00:01.1: [1002:9921] type 00 class 0x040300 PCIe Root Complex Integrated Endpoint
[    0.401023] pci 0000:00:01.1: BAR 0 [mem 0xe4840000-0xe4843fff 64bit]
[    0.401023] pci 0000:00:01.1: enabling Extended Tags
[    0.401023] pci 0000:00:01.1: supports D1 D2
[    0.401023] pci 0000:00:02.0: [1022:1438] type 00 class 0x060000 conventional PCI endpoint
[    0.401023] pci 0000:00:14.0: [104d:90c8] type 00 class 0x088000 PCIe Endpoint
[    0.401023] pci 0000:00:14.0: BAR 0 [mem 0xfdf8000000-0xfdf9ffffff 64bit]
[    0.401023] pci 0000:00:14.0: BAR 2 [io  0x1000-0x10ff]
[    0.401023] pci 0000:00:14.0: ROM [mem 0x00000000-0x0000ffff pref]
[    0.401058] pci 0000:00:14.0: supports D1
[    0.401064] pci 0000:00:14.0: PME# supported from D0 D1 D3hot
[    0.401167] pci 0000:00:14.1: [104d:90c9] type 00 class 0x088001 PCIe Endpoint
[    0.401205] pci 0000:00:14.1: BAR 0 [mem 0xc4000000-0xc4003fff 64bit]
[    0.401215] pci 0000:00:14.1: ROM [mem 0x00000000-0x0000ffff pref]
[    0.401259] pci 0000:00:14.1: supports D1
[    0.401264] pci 0000:00:14.1: PME# supported from D0 D1 D3hot
[    0.401361] pci 0000:00:14.2: [104d:90ca] type 00 class 0x088002 PCIe Endpoint
[    0.401399] pci 0000:00:14.2: BAR 0 [mem 0xc8000000-0xc8000fff 64bit]
[    0.401409] pci 0000:00:14.2: BAR 5 [mem 0xc8001000-0xc8001fff]
[    0.401416] pci 0000:00:14.2: ROM [mem 0x00000000-0x0000ffff pref]
[    0.401459] pci 0000:00:14.2: supports D1
[    0.401465] pci 0000:00:14.2: PME# supported from D0 D1 D3hot
[    0.401564] pci 0000:00:14.3: [104d:90cb] type 00 class 0x088003 PCIe Endpoint
[    0.401601] pci 0000:00:14.3: BAR 0 [mem 0xcc000000-0xcc000fff 64bit]
[    0.401612] pci 0000:00:14.3: ROM [mem 0x00000000-0x00000fff pref]
[    0.401655] pci 0000:00:14.3: supports D1
[    0.401661] pci 0000:00:14.3: PME# supported from D0 D1 D3hot
[    0.401757] pci 0000:00:14.4: [104d:90cc] type 00 class 0x088004 PCIe Endpoint
[    0.401795] pci 0000:00:14.4: BAR 0 [mem 0xd0000000-0xd00fffff 64bit]
[    0.401803] pci 0000:00:14.4: BAR 2 [mem 0xd0100000-0xd0107fff 64bit]
[    0.401811] pci 0000:00:14.4: BAR 4 [mem 0xd0200000-0xd03fffff 64bit]
[    0.401818] pci 0000:00:14.4: ROM [mem 0x00000000-0x0000ffff pref]
[    0.401861] pci 0000:00:14.4: supports D1
[    0.401866] pci 0000:00:14.4: PME# supported from D0 D1 D3hot
[    0.401962] pci 0000:00:14.5: [104d:90cd] type 00 class 0x088005 PCIe Endpoint
[    0.401999] pci 0000:00:14.5: BAR 0 [mem 0xd4000000-0xd4000fff 64bit]
[    0.402008] pci 0000:00:14.5: BAR 2 [mem 0xd4001000-0xd4001fff 64bit]
[    0.402016] pci 0000:00:14.5: ROM [mem 0x00000000-0x0000ffff pref]
[    0.402059] pci 0000:00:14.5: supports D1
[    0.402065] pci 0000:00:14.5: PME# supported from D0 D1 D3hot
[    0.402165] pci 0000:00:14.6: [104d:90ce] type 00 class 0x088006 PCIe Endpoint
[    0.402203] pci 0000:00:14.6: BAR 0 [mem 0xd8000000-0xd8000fff 64bit]
[    0.402211] pci 0000:00:14.6: BAR 2 [mem 0x80000000-0xbfffffff 64bit]
[    0.402218] pci 0000:00:14.6: BAR 4 [mem 0xd9100000-0xd91fffff]
[    0.402225] pci 0000:00:14.6: BAR 5 [mem 0xd9000000-0xd903ffff]
[    0.402232] pci 0000:00:14.6: ROM [mem 0x00000000-0x0000ffff pref]
[    0.402274] pci 0000:00:14.6: supports D1
[    0.402280] pci 0000:00:14.6: PME# supported from D0 D1 D3hot
[    0.404234] pci 0000:00:14.7: [104d:90cf] type 00 class 0x088007 PCIe Endpoint
[    0.404272] pci 0000:00:14.7: BAR 0 [mem 0xdc000000-0xdc1fffff 64bit]
[    0.404280] pci 0000:00:14.7: BAR 2 [mem 0xdc200000-0xdc3fffff 64bit]
[    0.404288] pci 0000:00:14.7: BAR 4 [mem 0xdc400000-0xdc5fffff 64bit]
[    0.404295] pci 0000:00:14.7: ROM [mem 0x00000000-0x0000ffff pref]
[    0.404338] pci 0000:00:14.7: supports D1
[    0.404343] pci 0000:00:14.7: PME# supported from D0 D1 D3hot
[    0.404431] pci 0000:00:18.0: [1022:142e] type 00 class 0x060000 conventional PCI endpoint
[    0.404511] pci 0000:00:18.1: [1022:142f] type 00 class 0x060000 conventional PCI endpoint
[    0.404584] pci 0000:00:18.2: [1022:1430] type 00 class 0x060000 conventional PCI endpoint
[    0.404661] pci 0000:00:18.3: [1022:1431] type 00 class 0x060000 conventional PCI endpoint
[    0.404738] pci 0000:00:18.4: [1022:1432] type 00 class 0x060000 conventional PCI endpoint
[    0.404816] pci 0000:00:18.5: [1022:1433] type 00 class 0x060000 conventional PCI endpoint
[    0.404892] pci_bus 0000:00: busn_res: [bus 00-ff] end is updated to 00
[    0.406819] PCI: pci_cache_line_size set to 64 bytes
[    0.406855] e820: register RAM buffer resource [mem 0x00008000-0x0000ffff]
[    0.406864] e820: register RAM buffer resource [mem 0x0009a000-0x0009ffff]
[    0.406870] e820: register RAM buffer resource [mem 0x00680000-0x006fffff]
[    0.406876] e820: register RAM buffer resource [mem 0x7efe8000-0x7fffffff]
[    0.406881] e820: register RAM buffer resource [mem 0x27f000000-0x27fffffff]
[    0.406913] pci 0000:00:01.0: vgaarb: setting as boot VGA device
[    0.406913] pci 0000:00:01.0: vgaarb: bridge control possible
[    0.406913] pci 0000:00:01.0: vgaarb: VGA device added: decodes=io+mem,owns=io+mem,locks=none
[    0.406913] vgaarb: loaded
[    0.406913] clocksource: Switched to clocksource tsc-early
[    0.406913] pnp: PnP ACPI: disabled
[    0.407914] NET: Registered PF_INET protocol family
[    0.408105] IP idents hash table entries: 65536 (order: 7, 524288 bytes, linear)
[    0.463682] tcp_listen_portaddr_hash hash table entries: 2048 (order: 3, 32768 bytes, linear)
[    0.463718] Table-perturb hash table entries: 65536 (order: 6, 262144 bytes, linear)
[    0.463731] TCP established hash table entries: 32768 (order: 6, 262144 bytes, linear)
[    0.463835] TCP bind hash table entries: 32768 (order: 8, 1048576 bytes, linear)
[    0.464119] TCP: Hash tables configured (established 32768 bind 32768)
[    0.464275] MPTCP token hash table entries: 4096 (order: 5, 98304 bytes, linear)
[    0.464338] UDP hash table entries: 2048 (order: 5, 131072 bytes, linear)
[    0.464471] NET: Registered PF_UNIX/PF_LOCAL protocol family
[    0.464869] RPC: Registered named UNIX socket transport module.
[    0.464877] RPC: Registered udp transport module.
[    0.464881] RPC: Registered tcp transport module.
[    0.464885] RPC: Registered tcp-with-tls transport module.
[    0.464890] RPC: Registered tcp NFSv4.1 backchannel transport module.
[    0.465272] pci 0000:00:14.0: ROM [mem 0xfc080000-0xfc08ffff pref]: assigned
[    0.465287] pci 0000:00:14.1: ROM [mem 0xfc090000-0xfc09ffff pref]: assigned
[    0.465296] pci 0000:00:14.2: ROM [mem 0xfc0a0000-0xfc0affff pref]: assigned
[    0.465305] pci 0000:00:14.4: ROM [mem 0xfc0b0000-0xfc0bffff pref]: assigned
[    0.465313] pci 0000:00:14.5: ROM [mem 0xfc0c0000-0xfc0cffff pref]: assigned
[    0.465322] pci 0000:00:14.6: ROM [mem 0xfc0d0000-0xfc0dffff pref]: assigned
[    0.465330] pci 0000:00:14.7: ROM [mem 0xfc0e0000-0xfc0effff pref]: assigned
[    0.465338] pci 0000:00:14.3: ROM [mem 0xfc0f0000-0xfc0f0fff pref]: assigned
[    0.465352] pci_bus 0000:00: resource 4 [io  0x0000-0xffff]
[    0.465360] pci_bus 0000:00: resource 5 [mem 0x00000000-0xffffffffff]
[    0.465421] pci 0000:00:01.1: D0 power state depends on 0000:00:01.0
[    0.465435] pci 0000:00:02.0: CLS mismatch (64 != 512), using 64 bytes
[    0.465610] pci 0000:00:14.0: Adding to iommu group 0
[    0.465639] pci 0000:00:14.1: Adding to iommu group 0
[    0.465667] pci 0000:00:14.2: Adding to iommu group 0
[    0.465690] pci 0000:00:14.3: Adding to iommu group 0
[    0.465700] Trying to unpack rootfs image as initramfs...
[    0.465712] pci 0000:00:14.4: Adding to iommu group 0
[    0.465736] pci 0000:00:14.5: Adding to iommu group 0
[    0.465758] pci 0000:00:14.6: Adding to iommu group 0
[    0.465780] pci 0000:00:14.7: Adding to iommu group 0
[    0.465831] pci 0000:00:00.2: can't find IRQ for PCI INT A; please try using pci=biosirq
[    0.465845] AMD-Vi: Extended features (0x840, 0x0): IA
[    0.465854] AMD-Vi: Interrupt remapping enabled
[    0.466016] PCI-DMA: Using software bounce buffering for IO (SWIOTLB)
[    0.466023] software IO TLB: mapped [mem 0x000000007afe8000-0x000000007efe8000] (64MB)
[    0.466062] LVT offset 0 assigned for vector 0x400
[    0.471059] perf: AMD IBS detected (0x000000ff)
[    0.471127] platform rtc_cmos: registered fallback platform RTC device
[    0.473304] Initialise system trusted keyrings
[    0.473398] workingset: timestamp_bits=46 (anon: 42) max_order=20 bucket_order=0 (anon: 0)
[    0.473913] fuse: init (API version 7.45)
[    0.474240] cryptd: max_cpu_qlen set to 1000
[    0.499779] NET: Registered PF_ALG protocol family
[    0.499818] Key type asymmetric registered
[    0.499824] Asymmetric key parser 'x509' registered
[    0.499888] Block layer SCSI generic (bsg) driver version 0.4 loaded (major 252)
[    0.499897] io scheduler mq-deadline registered
[    0.499902] io scheduler kyber registered
[    0.499933] io scheduler bfq registered
[    0.522235] Serial: 8250/16550 driver, 4 ports, IRQ sharing enabled
[    0.522953] Non-volatile memory driver v1.3
[    0.524274] brd: module loaded
[    0.526392] loop: module loaded
[    0.526617] zram: Added device: zram0
[    0.526866] ps4-hwinfo: GPU: Liverpool [1002:9922]  southbridge: Belize B0 [104d:90cc]
[    0.526880] aeolia_pcie 0000:00:14.4: southbridge: Belize
[    0.526888] aeolia_pcie 0000:00:14.4:   fn0 [104d:90c8] ACPI/wakeup
[    0.526896] aeolia_pcie 0000:00:14.4:   fn1 [104d:90c9] GbE
[    0.526903] aeolia_pcie 0000:00:14.4:   fn2 [104d:90ca] AHCI
[    0.526910] aeolia_pcie 0000:00:14.4:   fn3 [104d:90cb] SDHCI/eMMC
[    0.526917] aeolia_pcie 0000:00:14.4:   fn4 [104d:90cc] PCIe/MSI-glue
[    0.526924] aeolia_pcie 0000:00:14.4:   fn5 [104d:90cd] DMAC
[    0.526930] aeolia_pcie 0000:00:14.4:   fn6 [104d:90ce] MEM
[    0.526937] aeolia_pcie 0000:00:14.4:   fn7 [104d:90cf] xHCI/SATA
[    0.526969] aeolia_pcie 0000:00:14.4: apcie glue init
[    0.526981] aeolia_pcie 0000:00:14.4: chip-id: 5c011120 0d455ec4  rev: 01000200
[    0.527001] AMD-Vi: Remapping Selected: a4
[    0.552524] input: Power Button as /devices/pci0000:00/0000:00:14.4/input/input0
[    0.582163] Freeing initrd memory: 3992K
[    0.602508] ps4-led ps4-led: PS4 LED driver ready: 12 colors, boot color: purple
[    0.687470] ps4-fan ps4-fan: PS4 fan hwmon ready: temp=66C threshold=75C
[    0.687589] ps4-buzzer ps4-buzzer: PS4 buzzer driver ready.
[    0.687761] ps4-mesa-lock: built without PS4_MESA_LOCK_TOKEN; all verification requests will fail
[    0.687826] wireguard: WireGuard 1.0.0 loaded. See www.wireguard.com for information.
[    0.687834] wireguard: Copyright (C) 2015-2019 Jason A. Donenfeld <Jason@zx2c4.com>. All Rights Reserved.
[    0.688134] tun: Universal TUN/TAP device driver, 1.6
[    0.688247] sky2: driver version 1.30
[    0.688309] sky2 0000:00:14.1: chip type 0xbd
[    0.688331] sky2 0000:00:14.1: Yukon-2 OptimaEEE chip revision 1
[    0.688728] sky2 0000:00:14.1 eth0: addr 0c:fe:45:d0:33:23
[    0.688809] usbcore: registered new interface driver mwifiex_usb
[    0.688855] usbcore: registered new interface driver mt7601u
[    0.688876] usbcore: registered new interface driver mt76x0u
[    0.688938] usbcore: registered new interface driver mt76x2u
[    0.689007] usbcore: registered new interface driver mt7663u
[    0.689557] VFIO - User Level meta-driver version: 0.3
[    0.689694] xhci_aeolia 0000:00:14.7: Belize SATA PHY init
[    1.494955] clocksource: tsc: mask: 0xffffffffffffffff max_cycles: 0x16f8e777ca2, max_idle_ns: 440795268246 ns
[    1.495217] clocksource: Switched to clocksource tsc
[    1.681725] xhci_aeolia 0000:00:14.7: Belize SATA PHY Trace length : 6
[    2.673808] xhci_aeolia 0000:00:14.7: AHCI vers 0001.0300, 32 command slots, 3 Gbps, ATA mode
[    2.673820] xhci_aeolia 0000:00:14.7: 1/1 ports implemented (port mask 0x1)
[    2.673827] xhci_aeolia 0000:00:14.7: flags: 64bit ncq sntf led only pmp fbs pio slum part sxs 
[    2.674232] scsi host0: ahci
[    2.674326] ata1: SATA max UDMA/133 abar m2097152@0xdc200000 port 0xdc200100 irq 26 lpm-pol 0
[    2.674894] xhci_aeolia 0000:00:14.7: xHCI Host Controller
[    2.674911] xhci_aeolia 0000:00:14.7: new USB bus registered, assigned bus number 1
[    2.675010] xhci_aeolia 0000:00:14.7: hcc params 0x0228f66c hci version 0x100 quirks 0x0008000000000010
[    2.675042] xhci_aeolia 0000:00:14.7: irq 25, io mem 0xdc000000
[    2.675053] xhci_aeolia 0000:00:14.7: xHCI Host Controller
[    2.675062] xhci_aeolia 0000:00:14.7: new USB bus registered, assigned bus number 2
[    2.675071] xhci_aeolia 0000:00:14.7: Host supports USB 3.0 SuperSpeed
[    2.675159] usb usb1: New USB device found, idVendor=1d6b, idProduct=0002, bcdDevice= 7.01
[    2.675170] usb usb1: New USB device strings: Mfr=3, Product=2, SerialNumber=1
[    2.675177] usb usb1: Product: xHCI Host Controller
[    2.675183] usb usb1: Manufacturer: Linux 7.1.7-Strawberry-General-FullLTO+ xhci-hcd
[    2.675190] usb usb1: SerialNumber: 0000:00:14.7
[    2.675408] hub 1-0:1.0: USB hub found
[    2.675431] hub 1-0:1.0: 2 ports detected
[    2.675582] usb usb2: We don't know the algorithms for LPM for this host, disabling LPM.
[    2.675642] usb usb2: New USB device found, idVendor=1d6b, idProduct=0003, bcdDevice= 7.01
[    2.675653] usb usb2: New USB device strings: Mfr=3, Product=2, SerialNumber=1
[    2.675660] usb usb2: Product: xHCI Host Controller
[    2.675665] usb usb2: Manufacturer: Linux 7.1.7-Strawberry-General-FullLTO+ xhci-hcd
[    2.675672] usb usb2: SerialNumber: 0000:00:14.7
[    2.675817] hub 2-0:1.0: USB hub found
[    2.675837] hub 2-0:1.0: 2 ports detected
[    2.678912] xhci_aeolia 0000:00:14.7: xHCI Host Controller
[    2.678925] xhci_aeolia 0000:00:14.7: new USB bus registered, assigned bus number 3
[    2.679010] xhci_aeolia 0000:00:14.7: hcc params 0x0220f06c hci version 0x100 quirks 0x0008000000000010
[    2.679042] xhci_aeolia 0000:00:14.7: irq 27, io mem 0xdc400000
[    2.679052] xhci_aeolia 0000:00:14.7: xHCI Host Controller
[    2.679061] xhci_aeolia 0000:00:14.7: new USB bus registered, assigned bus number 4
[    2.679070] xhci_aeolia 0000:00:14.7: Host supports USB 3.0 SuperSpeed
[    2.679152] usb usb3: New USB device found, idVendor=1d6b, idProduct=0002, bcdDevice= 7.01
[    2.679162] usb usb3: New USB device strings: Mfr=3, Product=2, SerialNumber=1
[    2.679169] usb usb3: Product: xHCI Host Controller
[    2.679175] usb usb3: Manufacturer: Linux 7.1.7-Strawberry-General-FullLTO+ xhci-hcd
[    2.679182] usb usb3: SerialNumber: 0000:00:14.7
[    2.679349] hub 3-0:1.0: USB hub found
[    2.679369] hub 3-0:1.0: 1 port detected
[    2.679498] usb usb4: We don't know the algorithms for LPM for this host, disabling LPM.
[    2.679555] usb usb4: New USB device found, idVendor=1d6b, idProduct=0003, bcdDevice= 7.01
[    2.679565] usb usb4: New USB device strings: Mfr=3, Product=2, SerialNumber=1
[    2.679572] usb usb4: Product: xHCI Host Controller
[    2.679577] usb usb4: Manufacturer: Linux 7.1.7-Strawberry-General-FullLTO+ xhci-hcd
[    2.679584] usb usb4: SerialNumber: 0000:00:14.7
[    2.679744] hub 4-0:1.0: USB hub found
[    2.679763] hub 4-0:1.0: 1 port detected
[    2.679997] usbcore: registered new interface driver uas
[    2.680039] usbcore: registered new interface driver usb-storage
[    2.680138] i8042: PNP: No PS/2 controller found.
[    2.680283] mousedev: PS/2 mouse device common for all mice
[    2.680408] usbcore: registered new interface driver xpad
[    2.680474] i2c_dev: i2c /dev entries driver
[    2.680788] device-mapper: ioctl: 4.50.0-ioctl (2025-04-28) initialised: dm-devel@lists.linux.dev
[    2.681074] amd_pstate: the _CPC object is not present in SBIOS or ACPI disabled
[    2.681114] sdhci-pci 0000:00:14.3: SDHCI controller found [104d:90cb] (rev 0)
[    2.681193] hid: raw HID events driver (C) Jiri Kosina
[    2.681340] usbcore: registered new interface driver usbhid
[    2.681348] usbhid: USB HID core driver
[    2.681406] Driver 'wmi-bmof' was unable to register with bus_type 'wmi' because the bus was not initialized.
[    2.681671] usbcore: registered new interface driver snd-usb-audio
[    2.681685] mmc0: SDHCI controller on PCI [0000:00:14.3] using ADMA
[    2.681944] snd_hda_intel 0000:00:01.1: can't find IRQ for PCI INT B; please try using pci=biosirq
[    2.682068] u32 classifier
[    2.682074]     input device check on
[    2.682078]     Actions configured
[    2.682753] The DCCP match is deprecated and scheduled to be removed in 2027.
               Please contact the netfilter-devel mailing list or update your iptables rules
[    2.682799] xt_time: kernel timezone is -0000
[    2.682822] IPVS: Registered protocols (TCP, UDP, SCTP, AH, ESP)
[    2.682831] IPVS: Connection hash table configured (size=4096, memory=32Kbytes)
[    2.682948] IPVS: ipvs loaded.
[    2.683098] ipip: IPv4 and MPLS over IPv4 tunneling driver
[    2.683317] gre: GRE over IPv4 demultiplexer driver
[    2.683364] Initializing XFRM netlink socket
[    2.683424] NET: Registered PF_INET6 protocol family
[    2.684184] Segment Routing with IPv6
[    2.684192] RPL Segment Routing with IPv6
[    2.684216] In-situ OAM (IOAM) with IPv6
[    2.684259] mip6: Mobile IPv6
[    2.684291] NET: Registered PF_PACKET protocol family
[    2.684325] Bridge firewalling registered
[    2.684337] NET: Registered PF_APPLETALK protocol family
[    2.684359] NET: Registered PF_X25 protocol family
[    2.684376] X25: Linux Version 0.2
[    2.684480] Bluetooth: RFCOMM TTY layer initialized
[    2.684490] Bluetooth: RFCOMM socket layer initialized
[    2.684495] Bluetooth: RFCOMM ver 1.11
[    2.684500] Bluetooth: BNEP (Ethernet Emulation) ver 1.3
[    2.684505] Bluetooth: BNEP filters: protocol multicast
[    2.684511] Bluetooth: BNEP socket layer initialized
[    2.684516] Bluetooth: HIDP (Human Interface Emulation) ver 1.2
[    2.684522] Bluetooth: HIDP socket layer initialized
[    2.684557] NET: Registered PF_PHONET protocol family
[    2.684586] 8021q: 802.1Q VLAN Support v1.8
[    2.685171] NET: Registered PF_IEEE802154 protocol family
[    2.685202] Key type dns_resolver registered
[    2.685352] batman_adv: B.A.T.M.A.N. advanced 2025.5 (compatibility version 15) loaded
[    2.685459] NET: Registered PF_VSOCK protocol family
[    2.685482] mpls_gso: MPLS GSO support
[    2.686121] microcode: Current revision: 0x07013005
[    2.686355] IPI shorthand broadcast: enabled
[    2.695004] input: HD-Audio Generic HDMI/DP,pcm=3 as /devices/pci0000:00/0000:00:01.1/sound/card0/input1
[    2.695123] input: HD-Audio Generic HDMI/DP,pcm=7 as /devices/pci0000:00/0000:00:01.1/sound/card0/input2
[    2.701987] sched_clock: Marking stable (2610719796, 88147953)->(2711104190, -12236441)
[    2.702341] registered taskstats version 1
[    2.702768] Loading compiled-in X.509 certificates
[    2.706083] Btrfs loaded, zoned=no, fsverity=no
[    2.706425] amdgpu 0000:00:01.0: can't find IRQ for PCI INT A; please try using pci=biosirq
[    2.706442] amdgpu 0000:00:01.0: initializing kernel modesetting (LIVERPOOL 0x1002:0x9922 0x1002:0x9922 0x00).
[    2.706477] amdgpu 0000:00:01.0: register mmio base: 0xE4800000
[    2.706485] amdgpu 0000:00:01.0: register mmio size: 262144
[    2.706687] amdgpu 0000:00:01.0: detected ip block number 0 <common_v1_0_0> (cik_common)
[    2.706701] amdgpu 0000:00:01.0: detected ip block number 1 <gmc_v7_0_0> (gmc_v7_0)
[    2.706710] amdgpu 0000:00:01.0: detected ip block number 2 <ih_v2_0_0> (cik_ih)
[    2.706719] amdgpu 0000:00:01.0: detected ip block number 3 <dce_v8_1_0> (dce_v8_0)
[    2.706728] amdgpu 0000:00:01.0: detected ip block number 4 <gfx_v7_1_0> (gfx_v7_0)
[    2.706736] amdgpu 0000:00:01.0: detected ip block number 5 <sdma_v2_0_0> (cik_sdma)
[    2.706768] ACPI Error: AE_BAD_PARAMETER, Thread 9679040 could not acquire Mutex [ACPI_MTX_Tables] (0x2) (20251212/utmutex-252)
[    2.706782] ACPI Error: Mutex [ACPI_MTX_Tables] (0x2) is not acquired, cannot release (20251212/utmutex-289)
[    2.742658] amdgpu 0000:00:01.0: Fetched VBIOS from ROM BAR
[    2.742677] amdgpu 0000:00:01.0: [drm] ATOM BIOS: 113-Starsha-005, build: 335091  , ver: 014.085.000.020.000000, 2015/12/14
[    2.742788] amdgpu 0000:00:01.0: vgaarb: deactivate vga console
[    2.742799] amdgpu 0000:00:01.0: Trusted Memory Zone (TMZ) feature not supported
[    2.742807] amdgpu 0000:00:01.0: PCIE atomic ops is not supported
[    2.743098] amdgpu 0000:00:01.0: vm size is 64 GB, 2 levels, block size is 10-bit, fragment size is 9-bit
[    2.743112] amdgpu 0000:00:01.0: VRAM: 4096M 0x0000000F00000000 - 0x0000000FFFFFFFFF (4096M used)
[    2.743122] amdgpu 0000:00:01.0: GART: 512M 0x0000000000000000 - 0x000000001FFFFFFF
[    2.743134] amdgpu 0000:00:01.0: [drm] Detected VRAM RAM=4096M, BAR=4096M
[    2.743140] amdgpu 0000:00:01.0: [drm] RAM width 64bits GDDR5
[    2.743322] amdgpu 0000:00:01.0:  4096M of VRAM memory ready
[    2.743331] amdgpu 0000:00:01.0:  1940M of GTT memory ready.
[    2.743371] amdgpu 0000:00:01.0: [drm] GART: num cpu pages 131072, num gpu pages 131072
[    2.743553] amdgpu 0000:00:01.0: Done gart
[    2.743569] amdgpu 0000:00:01.0: Done init
[    2.743602] amdgpu 0000:00:01.0: [drm] PCIE GART of 512M enabled (table at 0x0000000F00100000).
[    2.744308] amdgpu 0000:00:01.0: PS4 GPU IRQ: vector=30 msi_enabled=1 pdev_irq=30
[    2.744423] amdgpu 0000:00:01.0: [drm] AMDGPU Display Connectors
[    2.744431] amdgpu 0000:00:01.0: [drm] Connector 0:
[    2.744436] amdgpu 0000:00:01.0: [drm]   HDMI-A-1
[    2.744442] amdgpu 0000:00:01.0: [drm]   HPD1
[    2.744447] amdgpu 0000:00:01.0: [drm]   DDC: 0x194c 0x194c 0x194d 0x194d 0x194e 0x194e 0x194f 0x194f
[    2.744456] amdgpu 0000:00:01.0: [drm]   Encoders:
[    2.744462] amdgpu 0000:00:01.0: [drm]     DFP1: INTERNAL_UNIPHY
[    2.750359] amdgpu 0000:00:01.0: SE 2, SH per SE 1, CU per SH 9, active_cu_number 18
[    2.750473] amdgpu 0000:00:01.0: Runtime PM not available
[    2.750794] [drm] Initialized amdgpu 3.64.0 for 0000:00:01.0 on minor 0
[    2.765696] amdgpu 0000:00:01.0: [drm] ps4_bridge: EDID loaded from firmware (edid/my_edid.bin), 256 bytes
[    2.765895] amdgpu 0000:00:01.0: [drm] ps4_bridge: EDID loaded from firmware, 16 modes, 1 extension block(s)
[    2.765907] amdgpu 0000:00:01.0: [drm] ps4_bridge: mode 1920x1200 1920x1200@90Hz
[    2.765915] amdgpu 0000:00:01.0: [drm] ps4_bridge: mode 1920x1200 1920x1200@60Hz
[    2.765923] amdgpu 0000:00:01.0: [drm] ps4_bridge: mode 1920x1200 1920x1200@120Hz
[    2.765931] amdgpu 0000:00:01.0: [drm] ps4_bridge: mode 1920x1080 1920x1080@90Hz
[    2.765938] amdgpu 0000:00:01.0: [drm] ps4_bridge: mode 1920x1080 1920x1080@120Hz
[    2.765946] amdgpu 0000:00:01.0: [drm] ps4_bridge: mode 1920x1080 1920x1080@60Hz
[    2.765954] amdgpu 0000:00:01.0: [drm] ps4_bridge: mode 720x480 720x480@60Hz
[    2.765961] amdgpu 0000:00:01.0: [drm] ps4_bridge: mode 1920x1080 1920x1080@60Hz
[    2.765968] amdgpu 0000:00:01.0: [drm] ps4_bridge: mode 720x480 720x480@60Hz
[    2.765975] amdgpu 0000:00:01.0: [drm] ps4_bridge: mode 640x480 640x480@60Hz
[    2.765981] amdgpu 0000:00:01.0: [drm] ps4_bridge: mode 1920x1080 1920x1080@120Hz
[    2.765989] amdgpu 0000:00:01.0: [drm] ps4_bridge: mode 1920x1080 1920x1080@60Hz
[    2.765996] amdgpu 0000:00:01.0: [drm] ps4_bridge: mode 720x480 720x480@60Hz
[    2.766002] amdgpu 0000:00:01.0: [drm] ps4_bridge: mode 1920x1080 1920x1080@60Hz
[    2.766010] amdgpu 0000:00:01.0: [drm] ps4_bridge: mode 720x480 720x480@60Hz
[    2.766016] amdgpu 0000:00:01.0: [drm] ps4_bridge: mode 640x480 640x480@60Hz
[    2.768617] fbcon: amdgpudrmfb (fb0) is primary device
[    2.775724] mmc0: new UHS-I speed SDR104 SDIO card at address 0001
[    2.776538] Bluetooth: vendor=0x2df, device=0x912e, class=255, fn=2
[    2.830942] usb usb3-port1: over-current condition
[    2.990918] usb usb4-port1: over-current condition
[    3.064042] Console: switching to colour frame buffer device 240x67
[    3.090829] amdgpu 0000:00:01.0: [drm] fb0: amdgpudrmfb frame buffer device
[    3.091081] ahci 0000:00:14.2: DMA bits = 31
[    3.091105] ahci 0000:00:14.2: DMA enable
[    3.091138] ahci 0000:00:14.2: AHCI vers 0001.0300, 32 command slots, 3 Gbps, unknown mode
[    3.091175] ahci 0000:00:14.2: 1/1 ports implemented (port mask 0x1)
[    3.091200] ahci 0000:00:14.2: flags: 64bit ncq sntf led only pmp fbs pio slum part sxs 
[    3.091671] scsi host1: ahci
[    3.091784] ata2: SATA max UDMA/133 abar m4096@0xc8001000 port 0xc8001100 irq 31 lpm-pol 1 ext
[    3.097554] ps4-hwinfo: WLAN: [02df:912d] via SDIO
[    3.097630] netconsole: network logging started
[    3.098115] cfg80211: Loading compiled-in X.509 certificates for regulatory database
[    3.099357] Loaded X.509 cert 'sforshee: 00b28ddf47aef9cea7'
[    3.099916] Loaded X.509 cert 'wens: 61c038651aabdcf94bd0ac7ff06c7248db18c600'
[    3.099960] clk: Disabling unused clocks
[    3.099980] ALSA device list:
[    3.099995]   #0: HD-Audio Generic at 0xe4840000 irq 29
[    3.100123] faux_driver regulatory: Direct firmware load for regulatory.db failed with error -2
[    3.100160] cfg80211: failed to load regulatory.db
[    3.140442] amdgpu 0000:00:01.0: [drm] ps4_bridge: EDID loaded from firmware (edid/my_edid.bin), 256 bytes
[    3.140680] amdgpu 0000:00:01.0: [drm] ps4_bridge: EDID loaded from firmware, 16 modes, 1 extension block(s)
[    3.153059] ata1: SATA link up 3.0 Gbps (SStatus 123 SControl 300)
[    3.185032] ata1.00: ATA-10: ST1000LM035-1RK172, SDM4, max UDMA/133
[    3.566872] ata2: SATA link up 3.0 Gbps (SStatus 123 SControl 300)
[    3.567238] ata2.00: ATAPI: SONY    PS-SYSTEM   408R, 3100, max UDMA/66
[    3.568137] ata2.00: configured for UDMA/66
[    4.768176] ata1.00: 1953525168 sectors, multi 16: LBA48 NCQ (depth 32), AA
[    4.768231] ata1.00: Features: HIPM DIPM
[    4.817810] ata1.00: configured for UDMA/133
[    4.818147] scsi 0:0:0:0: Direct-Access     ATA      ST1000LM035-1RK1 SDM4 PQ: 0 ANSI: 5
[    4.818821] sd 0:0:0:0: Attached scsi generic sg0 type 0
[    4.818953] sd 0:0:0:0: [sda] 1953525168 512-byte logical blocks: (1.00 TB/932 GiB)
[    4.818991] sd 0:0:0:0: [sda] 4096-byte physical blocks
[    4.819039] sd 0:0:0:0: [sda] Write Protect is off
[    4.819065] sd 0:0:0:0: [sda] Mode Sense: 00 3a 00 00
[    4.819103] sd 0:0:0:0: [sda] Write cache: enabled, read cache: enabled, doesn't support DPO or FUA
[    4.819202] sd 0:0:0:0: [sda] Preferred minimum I/O size 4096 bytes
[    4.820742] scsi 1:0:0:0: CD-ROM            SONY     PS-SYSTEM   408R 3100 PQ: 0 ANSI: 5
[    4.859515] sr 1:0:0:0: [sr0] scsi3-mmc drive: 0x/0x cd/rw xa/form2 cdda tray
[    4.872533] cdrom: Uniform CD-ROM driver Revision: 3.20
[    4.890359] sr 1:0:0:0: Attached scsi CD-ROM sr0
[    4.890483] sr 1:0:0:0: Attached scsi generic sg1 type 5
[    4.907373]  sda: sda1 sda3 sda5 sda7 sda9 sda10 sda11 sda12 sda13 sda17 sda19 sda25 sda27 sda29 sda31
[    4.909887] sd 0:0:0:0: [sda] Attached SCSI disk
[    4.912404] Freeing unused kernel image (initmem) memory: 1460K
[    4.913828] Write protecting the kernel read-only data: 55296k
[    4.915716] Freeing unused kernel image (text/rodata gap) memory: 356K
[    4.917379] Freeing unused kernel image (rodata/data gap) memory: 108K
[    4.918700] Run /init as init process
[    4.920002]   with arguments:
[    4.920009]     /init
[    4.920011]   with environment:
[    4.920013]     HOME=/
[    4.920015]     TERM=linux
[   10.412815] mwifiex_sdio mmc0:0001:1: info: FW download over, size 717068 bytes
[   11.140639] mwifiex_sdio mmc0:0001:1: WLAN FW is active
[   11.141234] btmrvl_sdio mmc0:0001:2: sdio device tree data not available
[   11.201184] mwifiex_sdio mmc0:0001:1: host_mlme: disable, key_api: 2
[   11.274759] mwifiex_sdio mmc0:0001:1: info: MWIFIEX VERSION: mwifiex 1.0 (15.68.19.p54) 
[   11.274770] mwifiex_sdio mmc0:0001:1: driver_version = mwifiex 1.0 (15.68.19.p54) 
[   15.284472] random: crng init done
[   27.881819] loop0: detected capacity change from 0 to 1073741824
[   27.910368] exFAT-fs (loop0): invalid boot record signature
[   27.910377] exFAT-fs (loop0): failed to read boot sector
[   27.910379] exFAT-fs (loop0): failed to recognize exfat type
[   28.016267] BTRFS: device fsid ae3019f2-9c97-4b49-9782-59172bc40309 devid 1 transid 1655 /dev/loop0 (7:0) scanned by mount (194)
[   28.016532] BTRFS info (device loop0): first mount of filesystem ae3019f2-9c97-4b49-9782-59172bc40309
[   28.016540] BTRFS info (device loop0): using crc32c checksum algorithm
[   28.340778] BTRFS info (device loop0): enabling free space tree
[   29.789271] systemd[1]: System time advanced to timestamp on /var/lib/systemd/timesync/clock: Wed 2026-10-07 06:51:03 EDT
[   31.768622] systemd[1]: systemd 262-1-arch running in system mode (+PAM +AUDIT -SELINUX +APPARMOR -IMA +IPE +SMACK +SECCOMP +GNUTLS +OPENSSL +ACL +BLKID +CURL +ELFUTILS +FIDO2 +IDN2 +KMOD +LIBCRYPTSETUP +LIBCRYPTSETUP_PLUGINS +LIBFDISK +PCRE2 +PWQUALITY +P11KIT +QRENCODE +TPM2 +BZIP2 +LZ4 +XZ +ZLIB +ZSTD +BPF_FRAMEWORK +BTF +XKBCOMMON +UTMP +LIBARCHIVE)
[   31.768648] systemd[1]: Detected architecture x86-64.
[   31.790498] systemd[1]: Hostname set to <PlayStation4>.
[   32.051047] systemd[1]: bpf-restrict-fs: BPF LSM hook not enabled in the kernel, BPF LSM not supported.
[   41.949002] systemd[1]: Queued start job for default target Graphical Interface.
[   41.964186] systemd[1]: Created slice Slice /system/chrome-remote-desktop.
[   41.965513] systemd[1]: Created slice Slice /system/dirmngr.
[   41.966511] systemd[1]: Created slice Slice /system/getty.
[   41.967503] systemd[1]: Created slice Slice /system/gpg-agent.
[   41.968519] systemd[1]: Created slice Slice /system/gpg-agent-browser.
[   41.969516] systemd[1]: Created slice Slice /system/gpg-agent-extra.
[   41.970510] systemd[1]: Created slice Slice /system/gpg-agent-ssh.
[   41.971483] systemd[1]: Created slice Slice /system/keyboxd.
[   41.972495] systemd[1]: Created slice Slice /system/modprobe.
[   41.973489] systemd[1]: Created slice Slice /system/systemd-zram-setup.
[   41.974169] systemd[1]: Created slice User and Session Slice.
[   41.974414] systemd[1]: Started Forward Password Requests to Wall Directory Watch.
[   41.974918] systemd[1]: Set up automount Arbitrary Executable File Formats File System Automount Point.
[   41.975086] systemd[1]: Expecting device /dev/zram0...
[   41.975210] systemd[1]: Reached target Local dm-clone Devices.
[   41.975353] systemd[1]: Reached target Login Prompts.
[   41.975497] systemd[1]: Reached target Image Downloads.
[   41.975627] systemd[1]: Reached target Local Integrity Protected Volumes.
[   41.975794] systemd[1]: Reached target Preparation for Network.
[   41.975963] systemd[1]: Reached target Remote File Systems.
[   41.976093] systemd[1]: Reached target Slice Units.
[   41.976297] systemd[1]: Reached target Local Verity Protected Volumes.
[   41.976656] systemd[1]: Listening on Device-mapper event daemon FIFOs.
[   41.977021] systemd[1]: Listening on LVM2 poll daemon socket.
[   41.979535] systemd[1]: Listening on Query the User Interactively for a Password.
[   41.982584] systemd[1]: Listening on Process Core Dump Socket.
[   41.984338] systemd[1]: Listening on Credential Encryption/Decryption.
[   41.986118] systemd[1]: Listening on Disk Encryption Enrollment Service Socket.
[   41.989139] systemd[1]: Listening on Factory Reset Management.
[   41.989568] systemd[1]: Listening on Hostname Service Socket.
[   41.989934] systemd[1]: Listening on Journal Socket (/dev/log).
[   41.990275] systemd[1]: Listening on Journal Sockets.
[   41.992725] systemd[1]: Listening on Console Output Muting Service Socket.
[   41.992935] systemd[1]: TPM PCR Measurements skipped, unmet condition check ConditionSecurity=measured-os
[   41.992996] systemd[1]: Make TPM PCR Policy skipped, unmet condition check ConditionSecurity=measured-uki
[   41.994734] systemd[1]: Listening on Disk Repartitioning Service Socket.
[   41.995043] systemd[1]: Listening on Resolve Monitor Varlink Socket.
[   41.995341] systemd[1]: Listening on Resolve Service Varlink Socket.
[   41.997597] systemd[1]: Listening on Simple Block Device Backed Storage Provider.
[   41.999976] systemd[1]: Listening on Simple File System Backed Storage Provider.
[   42.001838] systemd[1]: Listening on System Install Tool.
[   42.004763] systemd[1]: Listening on System Updates.
[   42.005072] systemd[1]: Listening on udev Kernel Socket.
[   42.005399] systemd[1]: Listening on udev Varlink Socket.
[   42.005686] systemd[1]: Listening on User Database Manager Socket.
[   42.008828] systemd[1]: Mounting Huge Pages File System...
[   42.010592] systemd[1]: Mounting POSIX Message Queue File System...
[   42.010960] systemd[1]: Kernel Debug File System skipped, unmet condition check ConditionPathExists=/sys/kernel/debug
[   42.011203] systemd[1]: Kernel Trace File System skipped, unmet condition check ConditionPathExists=/sys/kernel/tracing
[   42.011500] systemd[1]: Create List of Static Device Nodes skipped, unmet condition check ConditionFileNotEmpty=/lib/modules/7.1.7-Strawberry-General-FullLTO+/modules.devname
[   42.013369] systemd[1]: Starting Monitoring of LVM2 mirrors, snapshots etc. using dmeventd or progress polling...
[   42.013579] systemd[1]: Load Kernel Module configfs skipped, unmet condition check ConditionKernelModuleLoaded=!configfs
[   42.015375] systemd[1]: Mounting Kernel Configuration File System...
[   42.015628] systemd[1]: Load Kernel Module drm skipped, unmet condition check ConditionKernelModuleLoaded=!drm
[   42.015749] systemd[1]: Load Kernel Module fuse skipped, unmet condition check ConditionKernelModuleLoaded=!fuse
[   42.017626] systemd[1]: Mounting FUSE Control File System...
[   42.018037] systemd[1]: File System Check on Root Device skipped, unmet condition check ConditionPathIsReadWrite=!/
[   42.018136] systemd[1]: Clear Stale Hibernate Storage Info skipped, unmet condition check ConditionPathExists=/sys/firmware/efi/efivars/HibernateLocation-8cf2644b-4b0b-428f-9387-6d876050dc67
[   42.032414] systemd[1]: Starting Journal Service...
[   42.035003] systemd[1]: Starting Load Kernel Modules...
[   42.035164] systemd[1]: TPM PCR Machine ID Measurement skipped, unmet condition check ConditionSecurity=measured-os
[   42.035269] systemd[1]: TPM PCR OS Separator skipped, unmet condition check ConditionSecurity=measured-os
[   42.037245] systemd[1]: Starting Remount Root and Kernel File Systems...
[   42.039615] systemd[1]: Starting Create Static Device Nodes in /dev gracefully...
[   42.039894] systemd[1]: Early TPM SRK Setup skipped, unmet condition check ConditionSecurity=measured-os
[   42.039992] systemd[1]: TPM PCR NvPCR Initialization Separator skipped, unmet condition check ConditionPathExists=/etc/initrd-release
[   42.040080] systemd[1]: TPM NvPCR Product ID Measurement skipped, unmet condition check ConditionSecurity=measured-os
[   42.042254] systemd[1]: Starting Load udev Rules from Credentials...
[   42.045770] systemd[1]: Starting Coldplug All udev Devices...
[   42.049222] systemd[1]: Starting Virtual Console Setup...
[   42.667578] systemd-journald[278]: Collecting audit messages is disabled.
[   42.683069] systemd[1]: Finished Load udev Rules from Credentials.
[   43.417956] systemd[1]: Started Journal Service.
[   49.394386] BTRFS info (device loop0 state M): use zstd compression, level 3
[   49.726715] systemd-journald[278]: Received client request to flush runtime journal.
[   54.813247] zram0: detected capacity change from 0 to 7952384
[   54.872108] sky2 0000:00:14.1 enp0s20f1: renamed from eth0
[   56.305341] zswap: loaded using pool zstd
[   58.192581] Adding 3976188k swap on /dev/zram0.  Priority:100 extents:1 across:3976188k SSDsc
[   68.669850] Bluetooth: MGMT ver 1.23
[   70.206186] sky2 0000:00:14.1 enp0s20f1: enabling interface
[   71.947371] ananicy-cpp[491]: segfault at 10 ip 000055c69442c1be sp 00007ffc1e656970 error 4 in ananicy-cpp[561be,55c6943dd000+5f000] likely on CPU 5 (core 5, socket 0)
[   71.947403] Code: ff ff f7 da 89 10 48 8b 0d ff cf 02 00 ba 1a 00 00 00 be 01 00 00 00 48 8d 3d 74 12 01 00 ff 15 10 ce 02 00 31 c0 48 89 43 18 <48> 8b 04 25 10 00 00 00 0f 0b 0f 1f 84 00 00 00 00 00 48 89 c7 ff
[   72.619189] [UFW BLOCK] IN=tailscale0 OUT= MAC= SRC=fe80:0000:0000:0000:dff4:08bf:590b:1b93 DST=ff02:0000:0000:0000:0000:0000:0001:0003 LEN=78 TC=0 HOPLIMIT=255 FLOWLBL=967102 PROTO=UDP SPT=5355 DPT=5355 LEN=38 
[   72.663879] mwifiex_sdio mmc0:0001:1: info: trying to associate to bssid 66:2f:d0:7a:6f:64
[   72.727652] mwifiex_sdio mmc0:0001:1: assoc: associated with 66:2f:d0:7a:6f:64
[   72.727718] mwifiex_sdio mmc0:0001:1: info: associated to bssid 66:2f:d0:7a:6f:64 successfully
[   72.728304] [UFW BLOCK] IN=tailscale0 OUT= MAC= SRC=fe80:0000:0000:0000:dff4:08bf:590b:1b93 DST=ff02:0000:0000:0000:0000:0000:0001:0003 LEN=78 TC=0 HOPLIMIT=255 FLOWLBL=967102 PROTO=UDP SPT=5355 DPT=5355 LEN=38 
[   72.729676] mwifiex_sdio mmc0:0001:1: key: send EAPOL to 66:2f:d0:7a:6f:64
[   72.737726] mwifiex_sdio mmc0:0001:1: key: send EAPOL to 66:2f:d0:7a:6f:64
[   72.963828] [UFW BLOCK] IN=tailscale0 OUT= MAC= SRC=fe80:0000:0000:0000:dff4:08bf:590b:1b93 DST=ff02:0000:0000:0000:0000:0000:0001:0003 LEN=78 TC=0 HOPLIMIT=255 FLOWLBL=967102 PROTO=UDP SPT=5355 DPT=5355 LEN=38 
[   73.160635] [UFW BLOCK] IN=mlan0 OUT= MAC= SRC=192.168.55.69 DST=224.0.0.252 LEN=58 TOS=0x00 PREC=0x00 TTL=255 ID=37639 PROTO=UDP SPT=5355 DPT=5355 LEN=38 
[   73.277138] [UFW BLOCK] IN=mlan0 OUT= MAC= SRC=192.168.55.69 DST=224.0.0.252 LEN=58 TOS=0x00 PREC=0x00 TTL=255 ID=37644 PROTO=UDP SPT=5355 DPT=5355 LEN=38 
[   73.488727] [UFW BLOCK] IN=mlan0 OUT= MAC= SRC=192.168.55.69 DST=224.0.0.252 LEN=58 TOS=0x00 PREC=0x00 TTL=255 ID=37647 PROTO=UDP SPT=5355 DPT=5355 LEN=38 
[   74.640725] [UFW BLOCK] IN=mlan0 OUT= MAC= SRC=fe80:0000:0000:0000:dbb4:ddb0:bce3:096e DST=ff02:0000:0000:0000:0000:0000:0001:0003 LEN=78 TC=0 HOPLIMIT=255 FLOWLBL=253012 PROTO=UDP SPT=5355 DPT=5355 LEN=38 
[   74.740931] [UFW BLOCK] IN=mlan0 OUT= MAC= SRC=fe80:0000:0000:0000:dbb4:ddb0:bce3:096e DST=ff02:0000:0000:0000:0000:0000:0001:0003 LEN=78 TC=0 HOPLIMIT=255 FLOWLBL=253012 PROTO=UDP SPT=5355 DPT=5355 LEN=38 
[   75.144879] [UFW BLOCK] IN=mlan0 OUT= MAC= SRC=fe80:0000:0000:0000:dbb4:ddb0:bce3:096e DST=ff02:0000:0000:0000:0000:0000:0001:0003 LEN=78 TC=0 HOPLIMIT=255 FLOWLBL=253012 PROTO=UDP SPT=5355 DPT=5355 LEN=38 
[   85.173829] amdgpu 0000:00:01.0: Direct firmware load for edid/my_edid.bin failed with error -2
[   85.173848] amdgpu 0000:00:01.0: [drm] ps4_bridge: trying ICC EDID fetch
[   85.173853] [drm] ps4_bridge: icc-edid: requesting block=0 len=128 (seq=0 half=0)
[   85.211213] [drm] ps4_bridge: icc-edid: kick seq=0 ret=20
[   85.216239] [drm:ps4_bridge_read_edid_block_icc] *ERROR* icc i2c commandqueue failed: 255, 255
[   85.216262] [drm] ps4_bridge: icc-edid: read iter=0 addr=0x7c00 failed ret=-5 res1=255 res2=255
[   85.216272] amdgpu 0000:00:01.0: [drm] ps4_bridge: ICC EDID fetch failed
[   85.224160] amdgpu 0000:00:01.0: [drm] ps4_bridge: EDID loaded from AUX DDC, 34 modes, 1 extension block(s)
[   85.226889] amdgpu 0000:00:01.0: Direct firmware load for edid/my_edid.bin failed with error -2
[   85.226903] amdgpu 0000:00:01.0: [drm] ps4_bridge: trying ICC EDID fetch
[   85.226908] [drm] ps4_bridge: icc-edid: requesting block=0 len=128 (seq=0 half=0)
[   85.266158] [drm] ps4_bridge: icc-edid: kick seq=0 ret=20
[   85.271236] [drm:ps4_bridge_read_edid_block_icc] *ERROR* icc i2c commandqueue failed: 255, 255
[   85.271253] [drm] ps4_bridge: icc-edid: read iter=0 addr=0x7c00 failed ret=-5 res1=255 res2=255
[   85.271262] amdgpu 0000:00:01.0: [drm] ps4_bridge: ICC EDID fetch failed
[   85.279128] amdgpu 0000:00:01.0: [drm] ps4_bridge: EDID loaded from AUX DDC, 34 modes, 1 extension block(s)
[   87.869032] [UFW BLOCK] IN=mlan0 OUT= MAC=ac:89:95:4b:24:a5:f8:a2:6d:a4:b5:be:08:00 SRC=192.168.55.30 DST=192.168.55.69 LEN=275 TOS=0x00 PREC=0x00 TTL=64 ID=20133 PROTO=UDP SPT=61919 DPT=48986 LEN=255 
[   87.869083] [UFW BLOCK] IN=mlan0 OUT= MAC=ac:89:95:4b:24:a5:f8:a2:6d:a4:b5:be:08:00 SRC=192.168.55.30 DST=192.168.55.69 LEN=284 TOS=0x00 PREC=0x00 TTL=64 ID=38857 PROTO=UDP SPT=61919 DPT=48986 LEN=264 
[   87.869108] [UFW BLOCK] IN=mlan0 OUT= MAC=ac:89:95:4b:24:a5:f8:a2:6d:a4:b5:be:08:00 SRC=192.168.55.30 DST=192.168.55.69 LEN=323 TOS=0x00 PREC=0x00 TTL=64 ID=14540 PROTO=UDP SPT=61919 DPT=48986 LEN=303 
[   87.869131] [UFW BLOCK] IN=mlan0 OUT= MAC=ac:89:95:4b:24:a5:f8:a2:6d:a4:b5:be:08:00 SRC=192.168.55.30 DST=192.168.55.69 LEN=345 TOS=0x00 PREC=0x00 TTL=64 ID=6446 PROTO=UDP SPT=61919 DPT=48986 LEN=325 
[   87.869153] [UFW BLOCK] IN=mlan0 OUT= MAC=ac:89:95:4b:24:a5:f8:a2:6d:a4:b5:be:08:00 SRC=192.168.55.30 DST=192.168.55.69 LEN=275 TOS=0x00 PREC=0x00 TTL=64 ID=17120 PROTO=UDP SPT=61919 DPT=48986 LEN=255 
[   87.869186] [UFW BLOCK] IN=mlan0 OUT= MAC=ac:89:95:4b:24:a5:f8:a2:6d:a4:b5:be:08:00 SRC=192.168.55.30 DST=192.168.55.69 LEN=284 TOS=0x00 PREC=0x00 TTL=64 ID=23461 PROTO=UDP SPT=61919 DPT=48986 LEN=264 
[   87.869208] [UFW BLOCK] IN=mlan0 OUT= MAC=ac:89:95:4b:24:a5:f8:a2:6d:a4:b5:be:08:00 SRC=192.168.55.30 DST=192.168.55.69 LEN=323 TOS=0x00 PREC=0x00 TTL=64 ID=11508 PROTO=UDP SPT=61919 DPT=48986 LEN=303 
[   88.511712] amdgpu 0000:00:01.0: Direct firmware load for edid/my_edid.bin failed with error -2
[   88.511730] amdgpu 0000:00:01.0: [drm] ps4_bridge: trying ICC EDID fetch
[   88.511735] [drm] ps4_bridge: icc-edid: requesting block=0 len=128 (seq=0 half=0)
[   88.546314] [drm] ps4_bridge: icc-edid: kick seq=0 ret=20
[   88.556297] [drm:ps4_bridge_read_edid_block_icc] *ERROR* icc i2c commandqueue failed: 255, 255
[   88.556318] [drm] ps4_bridge: icc-edid: read iter=0 addr=0x7c00 failed ret=-5 res1=255 res2=255
[   88.556330] amdgpu 0000:00:01.0: [drm] ps4_bridge: ICC EDID fetch failed
[   88.564200] amdgpu 0000:00:01.0: [drm] ps4_bridge: EDID loaded from AUX DDC, 34 modes, 1 extension block(s)
[   88.566236] amdgpu 0000:00:01.0: Direct firmware load for edid/my_edid.bin failed with error -2
[   88.566244] amdgpu 0000:00:01.0: [drm] ps4_bridge: trying ICC EDID fetch
[   88.566248] [drm] ps4_bridge: icc-edid: requesting block=0 len=128 (seq=0 half=0)
[   88.606310] [drm] ps4_bridge: icc-edid: kick seq=0 ret=20
[   88.611375] [drm:ps4_bridge_read_edid_block_icc] *ERROR* icc i2c commandqueue failed: 255, 255
[   88.611399] [drm] ps4_bridge: icc-edid: read iter=0 addr=0x7c00 failed ret=-5 res1=255 res2=255
[   88.611409] amdgpu 0000:00:01.0: [drm] ps4_bridge: ICC EDID fetch failed
[   88.619286] amdgpu 0000:00:01.0: [drm] ps4_bridge: EDID loaded from AUX DDC, 34 modes, 1 extension block(s)
[   92.472478] systemd-journald[278]: Failed to set ACL on /var/log/journal/9c7f4b3d0e584684808ae3c316833bfa/user-1000.journal, ignoring: Operation not supported
[  104.314968] warning: `ThreadPoolForeg' uses wireless extensions which will stop working for Wi-Fi 7 hardware; use nl80211
[  126.473061] [UFW BLOCK] IN=mlan0 OUT= MAC=ac:89:95:4b:24:a5:f8:a2:6d:a4:b5:be:08:00 SRC=192.168.55.30 DST=192.168.55.69 LEN=275 TOS=0x00 PREC=0x00 TTL=64 ID=43020 PROTO=UDP SPT=61925 DPT=59842 LEN=255 
[  126.473101] [UFW BLOCK] IN=mlan0 OUT= MAC=ac:89:95:4b:24:a5:f8:a2:6d:a4:b5:be:08:00 SRC=192.168.55.30 DST=192.168.55.69 LEN=284 TOS=0x00 PREC=0x00 TTL=64 ID=18936 PROTO=UDP SPT=61925 DPT=59842 LEN=264 
[  134.243420] [UFW BLOCK] IN=mlan0 OUT= MAC=33:33:00:01:00:03:c8:8a:9a:fb:41:cc:86:dd SRC=fe80:0000:0000:0000:c3d0:990e:de1d:69f4 DST=ff02:0000:0000:0000:0000:0000:0001:0003 LEN=82 TC=0 HOPLIMIT=1 FLOWLBL=930063 PROTO=UDP SPT=61152 DPT=5355 LEN=42 
[  134.244459] [UFW BLOCK] IN=mlan0 OUT= MAC=01:00:5e:00:00:fc:c8:8a:9a:fb:41:cc:08:00 SRC=192.168.55.104 DST=224.0.0.252 LEN=62 TOS=0x00 PREC=0x00 TTL=1 ID=32028 PROTO=UDP SPT=61152 DPT=5355 LEN=42 
[  134.656264] [UFW BLOCK] IN=mlan0 OUT= MAC=33:33:00:01:00:03:c8:8a:9a:fb:41:cc:86:dd SRC=fe80:0000:0000:0000:c3d0:990e:de1d:69f4 DST=ff02:0000:0000:0000:0000:0000:0001:0003 LEN=82 TC=0 HOPLIMIT=1 FLOWLBL=632345 PROTO=UDP SPT=61152 DPT=5355 LEN=42 
[  174.195085] [UFW BLOCK] IN=mlan0 OUT= MAC=ac:89:95:4b:24:a5:f8:a2:6d:a4:b5:be:08:00 SRC=192.168.55.30 DST=192.168.55.69 LEN=275 TOS=0x00 PREC=0x00 TTL=64 ID=8383 PROTO=UDP SPT=61936 DPT=54964 LEN=255 
[  174.195126] [UFW BLOCK] IN=mlan0 OUT= MAC=ac:89:95:4b:24:a5:f8:a2:6d:a4:b5:be:08:00 SRC=192.168.55.30 DST=192.168.55.69 LEN=284 TOS=0x00 PREC=0x00 TTL=64 ID=41419 PROTO=UDP SPT=61936 DPT=54964 LEN=264 
[  197.440011] [UFW BLOCK] IN=mlan0 OUT= MAC=ac:89:95:4b:24:a5:f8:a2:6d:a4:b5:be:08:00 SRC=192.168.55.30 DST=192.168.55.69 LEN=275 TOS=0x00 PREC=0x00 TTL=64 ID=22704 PROTO=UDP SPT=61939 DPT=59683 LEN=255 
[  220.059314] [UFW BLOCK] IN=mlan0 OUT= MAC=33:33:00:01:00:03:c8:8a:9a:fb:41:cc:86:dd SRC=fe80:0000:0000:0000:c3d0:990e:de1d:69f4 DST=ff02:0000:0000:0000:0000:0000:0001:0003 LEN=82 TC=0 HOPLIMIT=1 FLOWLBL=1001340 PROTO=UDP SPT=57392 DPT=5355 LEN=42 
[  220.060328] [UFW BLOCK] IN=mlan0 OUT= MAC=01:00:5e:00:00:fc:c8:8a:9a:fb:41:cc:08:00 SRC=192.168.55.104 DST=224.0.0.252 LEN=62 TOS=0x00 PREC=0x00 TTL=1 ID=32030 PROTO=UDP SPT=57392 DPT=5355 LEN=42 
[  220.468915] [UFW BLOCK] IN=mlan0 OUT= MAC=33:33:00:01:00:03:c8:8a:9a:fb:41:cc:86:dd SRC=fe80:0000:0000:0000:c3d0:990e:de1d:69f4 DST=ff02:0000:0000:0000:0000:0000:0001:0003 LEN=82 TC=0 HOPLIMIT=1 FLOWLBL=703622 PROTO=UDP SPT=57392 DPT=5355 LEN=42 
[  220.878540] [UFW BLOCK] IN=mlan0 OUT= MAC=33:33:00:01:00:03:c8:8a:9a:fb:41:cc:86:dd SRC=fe80:0000:0000:0000:c3d0:990e:de1d:69f4 DST=ff02:0000:0000:0000:0000:0000:0001:0003 LEN=82 TC=0 HOPLIMIT=1 FLOWLBL=190450 PROTO=UDP SPT=61716 DPT=5355 LEN=42 
[  221.288135] [UFW BLOCK] IN=mlan0 OUT= MAC=33:33:00:01:00:03:c8:8a:9a:fb:41:cc:86:dd SRC=fe80:0000:0000:0000:c3d0:990e:de1d:69f4 DST=ff02:0000:0000:0000:0000:0000:0001:0003 LEN=82 TC=0 HOPLIMIT=1 FLOWLBL=190450 PROTO=UDP SPT=61716 DPT=5355 LEN=42 
[  242.806932] [UFW BLOCK] IN=mlan0 OUT= MAC=ac:89:95:4b:24:a5:f8:a2:6d:a4:b5:be:08:00 SRC=192.168.55.30 DST=192.168.55.69 LEN=275 TOS=0x00 PREC=0x00 TTL=64 ID=39019 PROTO=UDP SPT=61947 DPT=59497 LEN=255 
[  266.256902] [UFW BLOCK] IN=mlan0 OUT= MAC=ac:89:95:4b:24:a5:f8:a2:6d:a4:b5:be:08:00 SRC=192.168.55.30 DST=192.168.55.69 LEN=275 TOS=0x00 PREC=0x00 TTL=64 ID=14521 PROTO=UDP SPT=61951 DPT=60740 LEN=255 
[  288.793992] [UFW BLOCK] IN=mlan0 OUT= MAC=ac:89:95:4b:24:a5:f8:a2:6d:a4:b5:be:08:00 SRC=192.168.55.30 DST=192.168.55.69 LEN=275 TOS=0x00 PREC=0x00 TTL=64 ID=16395 PROTO=UDP SPT=61956 DPT=55653 LEN=255 
[  314.078970] [UFW BLOCK] IN=mlan0 OUT= MAC=ac:89:95:4b:24:a5:f8:a2:6d:a4:b5:be:08:00 SRC=192.168.55.30 DST=192.168.55.69 LEN=275 TOS=0x00 PREC=0x00 TTL=64 ID=6242 PROTO=UDP SPT=61963 DPT=33309 LEN=255 
[  314.080529] [UFW BLOCK] IN=mlan0 OUT= MAC=ac:89:95:4b:24:a5:f8:a2:6d:a4:b5:be:08:00 SRC=192.168.55.30 DST=192.168.55.69 LEN=284 TOS=0x00 PREC=0x00 TTL=64 ID=31091 PROTO=UDP SPT=61963 DPT=33309 LEN=264 
[  339.372945] [UFW BLOCK] IN=mlan0 OUT= MAC=ac:89:95:4b:24:a5:f8:a2:6d:a4:b5:be:08:00 SRC=192.168.55.30 DST=192.168.55.69 LEN=275 TOS=0x00 PREC=0x00 TTL=64 ID=35058 PROTO=UDP SPT=61969 DPT=38974 LEN=255 
[  363.644167] [UFW BLOCK] IN=mlan0 OUT= MAC=ac:89:95:4b:24:a5:f8:a2:6d:a4:b5:be:08:00 SRC=192.168.55.30 DST=192.168.55.69 LEN=275 TOS=0x00 PREC=0x00 TTL=64 ID=10416 PROTO=UDP SPT=61973 DPT=60156 LEN=255 
[  386.581705] [UFW BLOCK] IN=mlan0 OUT= MAC=ac:89:95:4b:24:a5:f8:a2:6d:a4:b5:be:08:00 SRC=192.168.55.30 DST=192.168.55.69 LEN=275 TOS=0x00 PREC=0x00 TTL=64 ID=51213 PROTO=UDP SPT=61977 DPT=42115 LEN=255 
[  411.365312] [UFW BLOCK] IN=mlan0 OUT= MAC=ac:89:95:4b:24:a5:f8:a2:6d:a4:b5:be:08:00 SRC=192.168.55.30 DST=192.168.55.69 LEN=275 TOS=0x00 PREC=0x00 TTL=64 ID=8477 PROTO=UDP SPT=61984 DPT=60000 LEN=255 
[  506.403154] [UFW BLOCK] IN=mlan0 OUT= MAC=ac:89:95:4b:24:a5:f8:a2:6d:a4:b5:be:08:00 SRC=192.168.55.30 DST=192.168.55.69 LEN=275 TOS=0x00 PREC=0x00 TTL=64 ID=39649 PROTO=UDP SPT=62005 DPT=54121 LEN=255 
[  506.405857] [UFW BLOCK] IN=mlan0 OUT= MAC=ac:89:95:4b:24:a5:f8:a2:6d:a4:b5:be:08:00 SRC=192.168.55.30 DST=192.168.55.69 LEN=284 TOS=0x00 PREC=0x00 TTL=64 ID=37802 PROTO=UDP SPT=62005 DPT=54121 LEN=264 
[  506.408061] [UFW BLOCK] IN=mlan0 OUT= MAC=ac:89:95:4b:24:a5:f8:a2:6d:a4:b5:be:08:00 SRC=192.168.55.30 DST=192.168.55.69 LEN=323 TOS=0x00 PREC=0x00 TTL=64 ID=33942 PROTO=UDP SPT=62005 DPT=54121 LEN=303 
[  506.411005] [UFW BLOCK] IN=mlan0 OUT= MAC=ac:89:95:4b:24:a5:f8:a2:6d:a4:b5:be:08:00 SRC=192.168.55.30 DST=192.168.55.69 LEN=345 TOS=0x00 PREC=0x00 TTL=64 ID=54720 PROTO=UDP SPT=62005 DPT=54121 LEN=325 
[  506.413460] [UFW BLOCK] IN=mlan0 OUT= MAC=ac:89:95:4b:24:a5:f8:a2:6d:a4:b5:be:08:00 SRC=192.168.55.30 DST=192.168.55.69 LEN=275 TOS=0x00 PREC=0x00 TTL=64 ID=3721 PROTO=UDP SPT=62005 DPT=54121 LEN=255 
[  530.877506] [UFW BLOCK] IN=mlan0 OUT= MAC=ac:89:95:4b:24:a5:f8:a2:6d:a4:b5:be:08:00 SRC=192.168.55.30 DST=192.168.55.69 LEN=275 TOS=0x00 PREC=0x00 TTL=64 ID=56028 PROTO=UDP SPT=62013 DPT=41458 LEN=255 
[  551.670729] [UFW BLOCK] IN=mlan0 OUT= MAC=ac:89:95:4b:24:a5:f8:a2:6d:a4:b5:be:08:00 SRC=192.168.55.30 DST=192.168.55.69 LEN=275 TOS=0x00 PREC=0x00 TTL=64 ID=4862 PROTO=UDP SPT=62016 DPT=47114 LEN=255 
[  573.397508] [UFW BLOCK] IN=mlan0 OUT= MAC=ac:89:95:4b:24:a5:f8:a2:6d:a4:b5:be:08:00 SRC=192.168.55.30 DST=192.168.55.69 LEN=275 TOS=0x00 PREC=0x00 TTL=64 ID=58028 PROTO=UDP SPT=62018 DPT=44341 LEN=255 
[  573.397552] [UFW BLOCK] IN=mlan0 OUT= MAC=ac:89:95:4b:24:a5:f8:a2:6d:a4:b5:be:08:00 SRC=192.168.55.30 DST=192.168.55.69 LEN=284 TOS=0x00 PREC=0x00 TTL=64 ID=31550 PROTO=UDP SPT=62018 DPT=44341 LEN=264 
[  593.868751] [UFW BLOCK] IN=mlan0 OUT= MAC=ac:89:95:4b:24:a5:f8:a2:6d:a4:b5:be:08:00 SRC=192.168.55.30 DST=192.168.55.69 LEN=275 TOS=0x00 PREC=0x00 TTL=64 ID=33490 PROTO=UDP SPT=62022 DPT=36340 LEN=255 
[  616.082586] [UFW BLOCK] IN=mlan0 OUT= MAC=ac:89:95:4b:24:a5:f8:a2:6d:a4:b5:be:08:00 SRC=192.168.55.30 DST=192.168.55.69 LEN=275 TOS=0x00 PREC=0x00 TTL=64 ID=35536 PROTO=UDP SPT=62027 DPT=40851 LEN=255 
