Sat Oct  3 11:43:53 UTC 2026
45987c5856f673b0a330569c3dc0b9400a7e6403
NAME="Bazzite"
VERSION="44.20260929.0 (Kinoite)"
RELEASE_TYPE=stable
ID=bazzite
ID_LIKE="fedora"
VERSION_ID=44
VERSION_CODENAME="Kinoite"
PRETTY_NAME="Bazzite"
ANSI_COLOR="0;38;2;138;43;226"
LOGO=bazzite-logo
CPE_NAME="cpe:/o:universal-blue:bazzite:44"
DEFAULT_HOSTNAME="bazzite"
HOME_URL="https://bazzite.gg"
DOCUMENTATION_URL="https://docs.bazzite.gg"
SUPPORT_URL="https://discord.bazzite.gg"
BUG_REPORT_URL="https://github.com/ublue-os/bazzite/issues/"
SUPPORT_END=2027-05-19
VARIANT="Kinoite"
VARIANT_ID=bazzite-deck
OSTREE_VERSION='44.20260929.0'
BUILD_ID="Stable (F44.20260929)"
BOOTLOADER_NAME="Bazzite Stable (F44.20260929)"
IMAGE_ID="bazzite-deck-44.20260929"
Linux 21kj 7.2.7-ogc1.1.fc44.x86_64 #1 SMP PREEMPT_DYNAMIC Fri Sep 25 06:00:41 UTC 2026 x86_64 GNU/Linux
mesa-vulkan-drivers-26.2.2-3.fc44.x86_64
mesa-vulkan-drivers-26.2.2-3.fc44.i686
==========
VULKANINFO
==========

Vulkan Instance Version: 1.4.341


Instance Extensions: count = 26
-------------------------------
VK_EXT_acquire_drm_display             : extension revision 1
VK_EXT_acquire_xlib_display            : extension revision 1
VK_EXT_debug_report                    : extension revision 10
VK_EXT_debug_utils                     : extension revision 2
VK_EXT_direct_mode_display             : extension revision 1
VK_EXT_display_surface_counter         : extension revision 1
VK_EXT_headless_surface                : extension revision 1
VK_EXT_layer_settings                  : extension revision 2
VK_EXT_surface_maintenance1            : extension revision 1
VK_EXT_swapchain_colorspace            : extension revision 5
VK_KHR_device_group_creation           : extension revision 1
VK_KHR_display                         : extension revision 23
VK_KHR_external_fence_capabilities     : extension revision 1
VK_KHR_external_memory_capabilities    : extension revision 1
VK_KHR_external_semaphore_capabilities : extension revision 1
VK_KHR_get_display_properties2         : extension revision 1
VK_KHR_get_physical_device_properties2 : extension revision 2
VK_KHR_get_surface_capabilities2       : extension revision 1
VK_KHR_portability_enumeration         : extension revision 1
VK_KHR_surface                         : extension revision 25
VK_KHR_surface_maintenance1            : extension revision 1
VK_KHR_surface_protected_capabilities  : extension revision 1
VK_KHR_wayland_surface                 : extension revision 6
VK_KHR_xcb_surface                     : extension revision 6
VK_KHR_xlib_surface                    : extension revision 6
VK_LUNARG_direct_driver_loading        : extension revision 1

Instance Layers: count = 10
---------------------------
VK_LAYER_FROG_gamescope_wsi_x86    Gamescope WSI (XWayland Bypass) Layer (x86)                  1.3.221  version 1
VK_LAYER_FROG_gamescope_wsi_x86_64 Gamescope WSI (XWayland Bypass) Layer (x86_64)               1.3.221  version 1
VK_LAYER_KORTHOS_low_latency       Input latency reduction layer                                1.3.0    version 3
VK_LAYER_MANGOHUD_overlay_x86      Vulkan Hud Overlay                                           1.3.0    version 1
VK_LAYER_MANGOHUD_overlay_x86_64   Vulkan Hud Overlay                                           1.3.0    version 1
VK_LAYER_MESA_anti_lag             Open-source implementation of the VK_AMD_anti_lag extension. 1.4.303  version 1
VK_LAYER_MESA_device_select        Linux device selection layer                                 1.4.303  version 1
VK_LAYER_OBS_vkcapture_32          OBS Linux game capture                                       1.4.328  version 1
VK_LAYER_OBS_vkcapture_64          OBS Linux game capture                                       1.4.328  version 1
VK_LAYER_VKBASALT_post_processing  a post processing layer                                      1.3.223  version 1

Devices:
========
GPU0:
	apiVersion         = 1.4.354
	driverVersion      = 26.2.2
	vendorID           = 0x1002
	deviceID           = 0x15e7
	deviceType         = PHYSICAL_DEVICE_TYPE_INTEGRATED_GPU
	deviceName         = AMD Radeon Graphics (RADV RENOIR)
	driverID           = DRIVER_ID_MESA_RADV
	driverName         = radv
	driverInfo         = Mesa 26.2.2
	conformanceVersion = 1.4.5.3
	deviceUUID         = 00000000-0600-0000-0000-000000000000
	driverUUID         = 414d442d-4d45-5341-2d44-525600000000
GPU1:
	apiVersion         = 1.4.354
	driverVersion      = 26.2.2
	vendorID           = 0x10005
	deviceID           = 0x0000
	deviceType         = PHYSICAL_DEVICE_TYPE_CPU
	deviceName         = llvmpipe (LLVM 22.1.8, 256 bits)
	driverID           = DRIVER_ID_MESA_LLVMPIPE
	driverName         = llvmpipe
	driverInfo         = Mesa 26.2.2 (LLVM 22.1.8)
	conformanceVersion = 1.3.1.1
	deviceUUID         = 6d657361-3236-2e32-2e32-000000000000
	driverUUID         = 6c6c766d-7069-7065-5555-494400000000
               total        used        free      shared  buff/cache   available
Mem:            14Gi       3.5Gi       481Mi       177Mi        12Gi        11Gi
Swap:           14Gi        20Ki        14Gi
Python 3.13.16
/var/opt/dbv4-wd14-tagger/venv_ncnn/bin/python: No module named pip
13.59
2200871d9cef988051d2a99d67df3bda6cbb30a8
86c013447913351be6ab1688a5d801ed46e13a5a5b5a84d67c81fbcbb258f0e6  .dbv4/models/ultra/model.ncnn.bin
d0a12e621773e27dc4c30a85bfea48e8a287254f88520aba2ba7ff24e7a8613e  .dbv4/models/ultra/model.ncnn.json
a3ed9db2d2f0b6d0c4fc3494afc6794b8a4c2f0919f0548cf3ff7563a35ef646  .dbv4/models/ultra/model.ncnn.param
