[WARN] ultraはRTX 2070 Max-Q・DirectML・batch-size=4でピーク6,583MiB、測定前を除く増分5,743MiBを確認済みです。8GB以上のGPUを推奨し、空き容量不足時はbatch-sizeを下げてください。
[INFO] ncnn AMD RADV: shader同期を有効にします (syncshaders)。
[0 AMD Radeon Graphics (RADV RENOIR)]  queueC=1[4]  queueT=0[1]  rebar=1  r-score=11
[0 AMD Radeon Graphics (RADV RENOIR)]  fp16-p/s/u/a=1/1/1/1  int8-p/s/u/a=1/1/1/1  bf16-p/s=1/0
[0 AMD Radeon Graphics (RADV RENOIR)]  subgroup=64(64~64)  ops=1/1/1/1/1/1/1/1/1/1
[0 AMD Radeon Graphics (RADV RENOIR)]  fp16-cm=0  int8-cm=0  bf16-cm=0  fp8-cm=0
[1 llvmpipe (LLVM 22.1.8, 256 bits)]  queueC=0[1]  queueT=0[1]  rebar=1  r-score=14
[1 llvmpipe (LLVM 22.1.8, 256 bits)]  fp16-p/s/u/a=1/1/1/1  int8-p/s/u/a=1/1/1/1  bf16-p/s=1/0
[1 llvmpipe (LLVM 22.1.8, 256 bits)]  subgroup=8(8~8)  ops=1/1/1/1/1/1/1/1/1/1
[1 llvmpipe (LLVM 22.1.8, 256 bits)]  fp16-cm=8x8x8  int8-cm=8x8x8  bf16-cm=0  fp8-cm=0
[INFO] ncnn Vulkan GPU 0 (AMD Radeon Graphics (RADV RENOIR)): ultra, fp32, ラベル数 12476
[benchmark] Model initialization and startup probe: 10.26s
[benchmark] Warm-up 1/3
[benchmark] Warm-up 2/3
[benchmark] Warm-up 3/3
[benchmark] Iteration 1/20: 7555.38 ms/img
[benchmark] Iteration 2/20: 7555.21 ms/img
[benchmark] Iteration 3/20: 7558.53 ms/img
[benchmark] Iteration 4/20: 7565.50 ms/img
[benchmark] Iteration 5/20: 7558.16 ms/img
[benchmark] Iteration 6/20: 7548.40 ms/img
[benchmark] Iteration 7/20: 7563.71 ms/img
[benchmark] Iteration 8/20: 7558.23 ms/img
[benchmark] Iteration 9/20: 7559.24 ms/img
[benchmark] Iteration 10/20: 7563.81 ms/img
[benchmark] Iteration 11/20: 7562.44 ms/img
[benchmark] Iteration 12/20: 7565.66 ms/img
[benchmark] Iteration 13/20: 7557.61 ms/img
[benchmark] Iteration 14/20: 7583.52 ms/img
[benchmark] Iteration 15/20: 7576.92 ms/img
[benchmark] Iteration 16/20: 7569.52 ms/img
[benchmark] Iteration 17/20: 7567.98 ms/img
[benchmark] Iteration 18/20: 7552.54 ms/img
[benchmark] Iteration 19/20: 7553.77 ms/img
[benchmark] Iteration 20/20: 7553.52 ms/img
benchmarks/ncnn_amd_bazzite_20261003/fp32-b4.json: 7558.89 ms/img
