Package            Version
------------------ ------------
anyio              4.15.1
certifi            2026.7.22
charset-normalizer 3.5.2
click              8.5.0
filelock           4.0.9
flatbuffers        25.12.19
fsspec             2026.9.0
h11                0.16.0
hf-xet             1.6.0
httpcore           1.0.9
httpcore2          2.13.1
httpx              0.28.1
httpx2             2.13.1
huggingface-hub    2.1.1
idna               3.20
ncnn               1.0.20260526
numpy              2.5.3
onnxruntime        1.30.0
opencv-python      5.0.0.93
packaging          26.3
pillow             12.3.0
pillow-avif-plugin 1.6.0
pip                26.2.1
portalocker        4.4.0
protobuf           7.36.2
pyyaml             6.0.3
requests           2.34.2
tqdm               4.70.1
truststore         0.10.4
typing-extensions  4.16.0
urllib3            2.8.0
