[WARN] ultraはRTX 2070 Max-Q・DirectML・batch-size=4でピーク6,583MiB、測定前を除く増分5,743MiBを確認済みです。8GB以上のGPUを推奨し、空き容量不足時はbatch-sizeを下げてください。
[0 Intel(R) UHD Graphics 630 (CFL GT2)]  queueC=0[1]  queueT=0[1]  rebar=1  r-score=10
[0 Intel(R) UHD Graphics 630 (CFL GT2)]  fp16-p/s/u/a=1/1/1/1  int8-p/s/u/a=1/1/1/1  bf16-p/s=1/0
[0 Intel(R) UHD Graphics 630 (CFL GT2)]  subgroup=32(8~32)  ops=1/1/1/1/1/1/1/1/1/1
[0 Intel(R) UHD Graphics 630 (CFL GT2)]  fp16-cm=0  int8-cm=0  bf16-cm=0  fp8-cm=0
[1 NVIDIA GeForce RTX 2070 with Max-Q Design]  queueC=2[8]  queueT=1[2]  rebar=0  r-score=75
[1 NVIDIA GeForce RTX 2070 with Max-Q Design]  fp16-p/s/u/a=1/1/1/1  int8-p/s/u/a=1/1/1/1  bf16-p/s=1/1
[1 NVIDIA GeForce RTX 2070 with Max-Q Design]  subgroup=32(32~32)  ops=1/1/1/1/1/1/1/1/1/1
[1 NVIDIA GeForce RTX 2070 with Max-Q Design]  fp16-cm=16x16x16/16x8x16/16x8x8  int8-cm=16x16x32/16x8x32  bf16-cm=16x16x16  fp8-cm=0
[2 llvmpipe (LLVM 21.1.8, 256 bits)]  queueC=0[1]  queueT=0[1]  rebar=1  r-score=14
[2 llvmpipe (LLVM 21.1.8, 256 bits)]  fp16-p/s/u/a=1/1/1/1  int8-p/s/u/a=1/1/1/1  bf16-p/s=1/0
[2 llvmpipe (LLVM 21.1.8, 256 bits)]  subgroup=8(8~8)  ops=1/1/1/1/1/1/1/1/1/1
[2 llvmpipe (LLVM 21.1.8, 256 bits)]  fp16-cm=8x8x8  int8-cm=8x8x8  bf16-cm=0  fp8-cm=0
[INFO] ncnn Vulkan GPU 1 (NVIDIA GeForce RTX 2070 with Max-Q Design): ultra, fp32, ラベル数 12476
[benchmark] Model initialization and startup probe: 9.33s
[benchmark] Warm-up 1/1
[benchmark] Iteration 1/3: 1006.72 ms/img
[benchmark] Iteration 2/3: 1016.46 ms/img
[benchmark] Iteration 3/3: 1015.81 ms/img
benchmarks/nvidia_linux_20261004/ncnn-b1.json: 1015.81 ms/img
