[WARN] ultraはRTX 2070 Max-Q・DirectML・batch-size=4でピーク6,583MiB、測定前を除く増分5,743MiBを確認済みです。8GB以上のGPUを推奨し、空き容量不足時はbatch-sizeを下げてください。
[INFO] ONNX外部データを同一ディレクトリに配置: /opt/dbv4-wd14-tagger/.dbv4/models/53e96223459a3046
setUpClass (test_ncnn_integration.NcnnIntegrationTests) ... ERROR

======================================================================
ERROR: setUpClass (test_ncnn_integration.NcnnIntegrationTests)
----------------------------------------------------------------------
Traceback (most recent call last):
  File "/opt/dbv4-wd14-tagger/gpu_runtime.py", line 107, in prepare_tensorrt_linux
    provider_handle = ctypes.CDLL(str(provider_so), mode=ctypes.RTLD_GLOBAL)
  File "/usr/lib/python3.13/ctypes/__init__.py", line 361, in __init__
    self._handle = self._load_library(name, mode, handle, winmode)
                   ~~~~~~~~~~~~~~~~~~^^^^^^^^^^^^^^^^^^^^^^^^^^^^^
  File "/usr/lib/python3.13/ctypes/__init__.py", line 403, in _load_library
    return _dlopen(name, mode)
OSError: libnvonnxparser.so.10: cannot open shared object file: No such file or directory

The above exception was the direct cause of the following exception:

Traceback (most recent call last):
  File "/opt/dbv4-wd14-tagger/tests/test_ncnn_integration.py", line 28, in setUpClass
    cls.runtime = app.load_runtime_model(
                  ~~~~~~~~~~~~~~~~~~~~~~^
        True, 'ultra', provider=os.environ.get('DBV4_NCNN_INTEGRATION_PROVIDER', 'ncnn'),
        ^^^^^^^^^^^^^^^^^^^^^^^^^^^^^^^^^^^^^^^^^^^^^^^^^^^^^^^^^^^^^^^^^^^^^^^^^^^^^^^^^
    ...<2 lines>...
        model_file=os.environ.get('DBV4_NCNN_MODEL_PREFIX'),
        ^^^^^^^^^^^^^^^^^^^^^^^^^^^^^^^^^^^^^^^^^^^^^^^^^^^^
        ncnn_part_size_mib=int(os.environ.get('DBV4_NCNN_PART_SIZE_MIB', '0')))
        ^^^^^^^^^^^^^^^^^^^^^^^^^^^^^^^^^^^^^^^^^^^^^^^^^^^^^^^^^^^^^^^^^^^^^^^
  File "/opt/dbv4-wd14-tagger/embed_tags_universal.py", line 691, in load_runtime_model
    providers = build_providers(
        use_gpu, provider, gpu_index, directml_device_index, openvino_device,
        tensorrt_lib_dir, target_vendor)
  File "/opt/dbv4-wd14-tagger/embed_tags_universal.py", line 422, in build_providers
    gpu_runtime.prepare_tensorrt(tensorrt_lib_dir)
    ~~~~~~~~~~~~~~~~~~~~~~~~~~~~^^^^^^^^^^^^^^^^^^
  File "/opt/dbv4-wd14-tagger/gpu_runtime.py", line 136, in prepare_tensorrt
    directory, handles = prepare(explicit_dir)
                         ~~~~~~~^^^^^^^^^^^^^^
  File "/opt/dbv4-wd14-tagger/gpu_runtime.py", line 109, in prepare_tensorrt_linux
    raise RuntimeError(
    ...<2 lines>...
    ) from exc
RuntimeError: TensorRT Linux preflight failed (/opt/dbv4-wd14-tagger/venv_gpu/lib/python3.13/site-packages/tensorrt_libs/libnvinfer.so.10). Set --tensorrt-lib-dir or install matching tensorrt-cu12 libraries: libnvonnxparser.so.10: cannot open shared object file: No such file or directory

----------------------------------------------------------------------
Ran 0 tests in 1.708s

FAILED (errors=1)
