Collecting onnxruntime
  Downloading onnxruntime-1.30.0-cp313-cp313-win_amd64.whl.metadata (5.9 kB)
Collecting ncnn
  Downloading ncnn-1.0.20260526-cp313-cp313-win_amd64.whl.metadata (29 kB)
Collecting pillow (from -r requirements.txt (line 1))
  Using cached pillow-12.3.0-cp313-cp313-win_amd64.whl.metadata (9.3 kB)
Collecting pillow-avif-plugin (from -r requirements.txt (line 2))
  Using cached pillow_avif_plugin-1.6.0-cp313-cp313-win_amd64.whl.metadata (2.3 kB)
Collecting huggingface_hub (from -r requirements.txt (line 3))
  Downloading huggingface_hub-2.1.1-py3-none-any.whl.metadata (16 kB)
Collecting numpy (from -r requirements.txt (line 4))
  Using cached numpy-2.5.3-cp313-cp313-win_amd64.whl.metadata (6.6 kB)
Collecting tqdm (from -r requirements.txt (line 5))
  Using cached tqdm-4.70.1-py3-none-any.whl.metadata (57 kB)
Collecting flatbuffers (from onnxruntime)
  Using cached flatbuffers-25.12.19-py2.py3-none-any.whl.metadata (1.0 kB)
Collecting packaging (from onnxruntime)
  Using cached packaging-26.3-py3-none-any.whl.metadata (3.5 kB)
Collecting protobuf>=4.25.8 (from onnxruntime)
  Using cached protobuf-7.36.2-cp310-abi3-win_amd64.whl.metadata (595 bytes)
Collecting requests (from ncnn)
  Downloading requests-2.34.2-py3-none-any.whl.metadata (4.8 kB)
Collecting portalocker (from ncnn)
  Downloading portalocker-4.4.0-py3-none-any.whl.metadata (10 kB)
Collecting opencv-python (from ncnn)
  Downloading opencv_python-5.0.0.93-cp37-abi3-win_amd64.whl.metadata (20 kB)
Collecting click<9.0.0,>=8.4.2 (from huggingface_hub->-r requirements.txt (line 3))
  Using cached click-8.5.0-py3-none-any.whl.metadata (2.6 kB)
Collecting filelock>=3.10.0 (from huggingface_hub->-r requirements.txt (line 3))
  Downloading filelock-4.0.9-py3-none-any.whl.metadata (2.0 kB)
Collecting fsspec>=2023.5.0 (from huggingface_hub->-r requirements.txt (line 3))
  Using cached fsspec-2026.9.0-py3-none-any.whl.metadata (10 kB)
Collecting hf-xet<2.0.0,>=1.6.0 (from huggingface_hub->-r requirements.txt (line 3))
  Using cached hf_xet-1.6.0-cp38-abi3-win_amd64.whl.metadata (4.9 kB)
Collecting httpx2<3,>=2.0.0 (from huggingface_hub->-r requirements.txt (line 3))
  Using cached httpx2-2.13.1-py3-none-any.whl.metadata (9.8 kB)
Collecting pyyaml>=5.1 (from huggingface_hub->-r requirements.txt (line 3))
  Using cached pyyaml-6.0.3-cp313-cp313-win_amd64.whl.metadata (2.4 kB)
Collecting typing-extensions>=4.1.0 (from huggingface_hub->-r requirements.txt (line 3))
  Using cached typing_extensions-4.16.0-py3-none-any.whl.metadata (3.3 kB)
Collecting anyio>=4.10 (from httpx2<3,>=2.0.0->huggingface_hub->-r requirements.txt (line 3))
  Using cached anyio-4.15.1-py3-none-any.whl.metadata (4.7 kB)
Collecting httpcore2==2.13.1 (from httpx2<3,>=2.0.0->huggingface_hub->-r requirements.txt (line 3))
  Using cached httpcore2-2.13.1-py3-none-any.whl.metadata (26 kB)
Collecting idna>=3.18 (from httpx2<3,>=2.0.0->huggingface_hub->-r requirements.txt (line 3))
  Using cached idna-3.20-py3-none-any.whl.metadata (7.2 kB)
Collecting truststore>=0.10 (from httpx2<3,>=2.0.0->huggingface_hub->-r requirements.txt (line 3))
  Using cached truststore-0.10.4-py3-none-any.whl.metadata (4.4 kB)
Collecting h11>=0.16 (from httpcore2==2.13.1->httpx2<3,>=2.0.0->huggingface_hub->-r requirements.txt (line 3))
  Using cached h11-0.16.0-py3-none-any.whl.metadata (8.3 kB)
Collecting colorama (from tqdm->-r requirements.txt (line 5))
  Using cached colorama-0.4.6-py2.py3-none-any.whl.metadata (17 kB)
Collecting charset_normalizer<4,>=2 (from requests->ncnn)
  Downloading charset_normalizer-3.5.2-cp313-cp313-win_amd64.whl.metadata (47 kB)
Collecting urllib3<3,>=1.26 (from requests->ncnn)
  Downloading urllib3-2.8.0-py3-none-any.whl.metadata (7.4 kB)
Collecting certifi>=2023.5.7 (from requests->ncnn)
  Downloading certifi-2026.7.22-py3-none-any.whl.metadata (2.5 kB)
Downloading onnxruntime-1.30.0-cp313-cp313-win_amd64.whl (14.3 MB)
   ---------------------------------------- 14.3/14.3 MB 27.2 MB/s  0:00:00
Downloading ncnn-1.0.20260526-cp313-cp313-win_amd64.whl (5.1 MB)
   ---------------------------------------- 5.1/5.1 MB 3.5 MB/s  0:00:01
Using cached pillow-12.3.0-cp313-cp313-win_amd64.whl (7.2 MB)
Using cached pillow_avif_plugin-1.6.0-cp313-cp313-win_amd64.whl (7.4 MB)
Downloading huggingface_hub-2.1.1-py3-none-any.whl (838 kB)
   ---------------------------------------- 838.0/838.0 kB 26.1 MB/s  0:00:00
Using cached click-8.5.0-py3-none-any.whl (125 kB)
Using cached hf_xet-1.6.0-cp38-abi3-win_amd64.whl (4.0 MB)
Using cached httpx2-2.13.1-py3-none-any.whl (95 kB)
Using cached httpcore2-2.13.1-py3-none-any.whl (83 kB)
Using cached numpy-2.5.3-cp313-cp313-win_amd64.whl (12.6 MB)
Using cached tqdm-4.70.1-py3-none-any.whl (80 kB)
Using cached anyio-4.15.1-py3-none-any.whl (132 kB)
Downloading filelock-4.0.9-py3-none-any.whl (110 kB)
Using cached fsspec-2026.9.0-py3-none-any.whl (221 kB)
Using cached h11-0.16.0-py3-none-any.whl (37 kB)
Using cached idna-3.20-py3-none-any.whl (69 kB)
Using cached packaging-26.3-py3-none-any.whl (129 kB)
Using cached protobuf-7.36.2-cp310-abi3-win_amd64.whl (456 kB)
Using cached pyyaml-6.0.3-cp313-cp313-win_amd64.whl (154 kB)
Using cached truststore-0.10.4-py3-none-any.whl (18 kB)
Using cached typing_extensions-4.16.0-py3-none-any.whl (45 kB)
Using cached colorama-0.4.6-py2.py3-none-any.whl (25 kB)
Using cached flatbuffers-25.12.19-py2.py3-none-any.whl (26 kB)
Downloading opencv_python-5.0.0.93-cp37-abi3-win_amd64.whl (44.0 MB)
   ---------------------------------------- 44.0/44.0 MB 31.8 MB/s  0:00:01
Downloading portalocker-4.4.0-py3-none-any.whl (129 kB)
Downloading requests-2.34.2-py3-none-any.whl (73 kB)
Downloading charset_normalizer-3.5.2-cp313-cp313-win_amd64.whl (206 kB)
Downloading urllib3-2.8.0-py3-none-any.whl (135 kB)
Downloading certifi-2026.7.22-py3-none-any.whl (136 kB)
Installing collected packages: pillow-avif-plugin, flatbuffers, urllib3, typing-extensions, truststore, pyyaml, protobuf, portalocker, pillow, packaging, numpy, idna, hf-xet, h11, fsspec, filelock, colorama, click, charset_normalizer, certifi, tqdm, requests, opencv-python, onnxruntime, httpcore2, anyio, ncnn, httpx2, huggingface_hub

Successfully installed anyio-4.15.1 certifi-2026.7.22 charset_normalizer-3.5.2 click-8.5.0 colorama-0.4.6 filelock-4.0.9 flatbuffers-25.12.19 fsspec-2026.9.0 h11-0.16.0 hf-xet-1.6.0 httpcore2-2.13.1 httpx2-2.13.1 huggingface_hub-2.1.1 idna-3.20 ncnn-1.0.20260526 numpy-2.5.3 onnxruntime-1.30.0 opencv-python-5.0.0.93 packaging-26.3 pillow-12.3.0 pillow-avif-plugin-1.6.0 portalocker-4.4.0 protobuf-7.36.2 pyyaml-6.0.3 requests-2.34.2 tqdm-4.70.1 truststore-0.10.4 typing-extensions-4.16.0 urllib3-2.8.0

