[WARN] ultraはRTX 2070 Max-Q・DirectML・batch-size=4でピーク6,583MiB、測定前を除く増分5,743MiBを確認済みです。8GB以上のGPUを推奨し、空き容量不足時はbatch-sizeを下げてください。
.\venv_ncnn\Scripts\python.exe : [0 Intel(R) UHD Graphics 630]  queueC=0[1]  queueT=0[1]  rebar=1  r-score=10
発生場所 行:1 文字:484
+ ... FFERED='1'; .\venv_ncnn\Scripts\python.exe benchmark_ncnn.py --provid ...
+                 ~~~~~~~~~~~~~~~~~~~~~~~~~~~~~~~~~~~~~~~~~~~~~~~~~~~~~~~~~
    + CategoryInfo          : NotSpecified: ([0 Intel(R) UHD...r=1  r-score=10:String) [], RemoteException
    + FullyQualifiedErrorId : NativeCommandError
 
[0 Intel(R) UHD Graphics 630]  fp16-p/s/u/a=1/1/1/1  int8-p/s/u/a=1/1/1/1  bf16-p/s=1/0
[0 Intel(R) UHD Graphics 630]  subgroup=32(8~32)  ops=1/1/1/1/1/1/1/1/0/0
[0 Intel(R) UHD Graphics 630]  fp16-cm=0  int8-cm=0  bf16-cm=0  fp8-cm=0
[1 Intel(R) UHD Graphics 630]  queueC=0[1]  queueT=0[1]  rebar=1  r-score=10
[1 Intel(R) UHD Graphics 630]  fp16-p/s/u/a=1/1/1/1  int8-p/s/u/a=1/1/1/1  bf16-p/s=1/0
[1 Intel(R) UHD Graphics 630]  subgroup=32(8~32)  ops=1/1/1/1/1/1/1/1/0/0
[1 Intel(R) UHD Graphics 630]  fp16-cm=0  int8-cm=0  bf16-cm=0  fp8-cm=0
[2 NVIDIA GeForce RTX 2070 with Max-Q Design]  queueC=2[8]  queueT=1[2]  rebar=0  r-score=74
[2 NVIDIA GeForce RTX 2070 with Max-Q Design]  fp16-p/s/u/a=1/1/1/1  int8-p/s/u/a=1/1/1/1  bf16-p/s=1/1
[2 NVIDIA GeForce RTX 2070 with Max-Q Design]  subgroup=32(32~32)  ops=1/1/1/1/1/1/1/1/1/1
[2 NVIDIA GeForce RTX 2070 with Max-Q Design]  fp16-cm=16x16x16/16x8x16/16x8x8  int8-cm=16x16x32/16x8x32  bf16-cm=16x16
x16  fp8-cm=0
[3 Intel(R) UHD Graphics 630]  queueC=0[1]  queueT=0[1]  rebar=1  r-score=10
[3 Intel(R) UHD Graphics 630]  fp16-p/s/u/a=1/1/1/1  int8-p/s/u/a=1/1/1/1  bf16-p/s=1/0
[3 Intel(R) UHD Graphics 630]  subgroup=32(8~32)  ops=1/1/1/1/1/1/1/1/0/0
[3 Intel(R) UHD Graphics 630]  fp16-cm=0  int8-cm=0  bf16-cm=0  fp8-cm=0
[INFO] ncnn Vulkan GPU 2 (NVIDIA GeForce RTX 2070 with Max-Q Design): ultra, fp32, ラベル数 12476
[benchmark] Model initialization and startup probe: 7.69s
[benchmark] Warm-up 1/3
[benchmark] Warm-up 2/3
[benchmark] Warm-up 3/3
[benchmark] Iteration 1/20: 1133.17 ms/img
[benchmark] Iteration 2/20: 1127.17 ms/img
[benchmark] Iteration 3/20: 1177.55 ms/img
[benchmark] Iteration 4/20: 1133.20 ms/img
[benchmark] Iteration 5/20: 1130.91 ms/img
[benchmark] Iteration 6/20: 1131.09 ms/img
[benchmark] Iteration 7/20: 1131.68 ms/img
[benchmark] Iteration 8/20: 1131.56 ms/img
[benchmark] Iteration 9/20: 1129.88 ms/img
[benchmark] Iteration 10/20: 1133.10 ms/img
[benchmark] Iteration 11/20: 1154.03 ms/img
[benchmark] Iteration 12/20: 1132.53 ms/img
[benchmark] Iteration 13/20: 1134.00 ms/img
[benchmark] Iteration 14/20: 1119.90 ms/img
[benchmark] Iteration 15/20: 1125.27 ms/img
[benchmark] Iteration 16/20: 1132.94 ms/img
[benchmark] Iteration 17/20: 1134.64 ms/img
[benchmark] Iteration 18/20: 1129.25 ms/img
[benchmark] Iteration 19/20: 1122.38 ms/img
[benchmark] Iteration 20/20: 1126.07 ms/img
benchmarks\ncnn_windows_20261003\rtx-fp32-b1.json: 1131.62 ms/img

