[WARN] ultra縺ｯRTX 2070 Max-Q繝ｻDirectML繝ｻbatch-size=4縺ｧ繝斐・繧ｯ6,583MiB縲∵ｸｬ螳壼燕繧帝勁縺丞｢怜・5,743MiB繧堤｢ｺ隱肴ｸ医∩縺ｧ縺吶・GB莉･荳翫・GPU繧呈耳螂ｨ縺励∫ｩｺ縺榊ｮｹ驥丈ｸ崎ｶｳ譎ゅ・batch-size繧剃ｸ九￡縺ｦ縺上□縺輔＞縲・
.\venv_ncnn\Scripts\python.exe : [0 Intel(R) UHD Graphics 630]  queueC=0[1]  queueT=0[1]  rebar=1  r-score=10
発生場所 行:1 文字:274
+ ... FFERED='1'; .\venv_ncnn\Scripts\python.exe benchmark_ncnn.py --provid ...
+                 ~~~~~~~~~~~~~~~~~~~~~~~~~~~~~~~~~~~~~~~~~~~~~~~~~~~~~~~~~
    + CategoryInfo          : NotSpecified: ([0 Intel(R) UHD...r=1  r-score=10:String) [], RemoteException
    + FullyQualifiedErrorId : NativeCommandError
 
[0 Intel(R) UHD Graphics 630]  fp16-p/s/u/a=1/1/1/1  int8-p/s/u/a=1/1/1/1  bf16-p/s=1/0
[0 Intel(R) UHD Graphics 630]  subgroup=32(8~32)  ops=1/1/1/1/1/1/1/1/0/0
[0 Intel(R) UHD Graphics 630]  fp16-cm=0  int8-cm=0  bf16-cm=0  fp8-cm=0
[1 Intel(R) UHD Graphics 630]  queueC=0[1]  queueT=0[1]  rebar=1  r-score=10
[1 Intel(R) UHD Graphics 630]  fp16-p/s/u/a=1/1/1/1  int8-p/s/u/a=1/1/1/1  bf16-p/s=1/0
[1 Intel(R) UHD Graphics 630]  subgroup=32(8~32)  ops=1/1/1/1/1/1/1/1/0/0
[1 Intel(R) UHD Graphics 630]  fp16-cm=0  int8-cm=0  bf16-cm=0  fp8-cm=0
[2 NVIDIA GeForce RTX 2070 with Max-Q Design]  queueC=2[8]  queueT=1[2]  rebar=0  r-score=74
[2 NVIDIA GeForce RTX 2070 with Max-Q Design]  fp16-p/s/u/a=1/1/1/1  int8-p/s/u/a=1/1/1/1  bf16-p/s=1/1
[2 NVIDIA GeForce RTX 2070 with Max-Q Design]  subgroup=32(32~32)  ops=1/1/1/1/1/1/1/1/1/1
[2 NVIDIA GeForce RTX 2070 with Max-Q Design]  fp16-cm=16x16x16/16x8x16/16x8x8  int8-cm=16x16x32/16x8x32  bf16-cm=16x16
x16  fp8-cm=0
[3 Intel(R) UHD Graphics 630]  queueC=0[1]  queueT=0[1]  rebar=1  r-score=10
[3 Intel(R) UHD Graphics 630]  fp16-p/s/u/a=1/1/1/1  int8-p/s/u/a=1/1/1/1  bf16-p/s=1/0
[3 Intel(R) UHD Graphics 630]  subgroup=32(8~32)  ops=1/1/1/1/1/1/1/1/0/0
[3 Intel(R) UHD Graphics 630]  fp16-cm=0  int8-cm=0  bf16-cm=0  fp8-cm=0
[INFO] ncnn Vulkan GPU 2 (NVIDIA GeForce RTX 2070 with Max-Q Design): ultra, fp32, 繝ｩ繝吶Ν謨ｰ 12476
[benchmark] Model initialization and startup probe: 12.27s
[benchmark] Warm-up 1/3
[benchmark] Warm-up 2/3
[benchmark] Warm-up 3/3
[benchmark] Iteration 1/20: 1148.45 ms/img
[benchmark] Iteration 2/20: 1136.28 ms/img
[benchmark] Iteration 3/20: 1136.56 ms/img
[benchmark] Iteration 4/20: 1129.53 ms/img
[benchmark] Iteration 5/20: 1123.90 ms/img
[benchmark] Iteration 6/20: 1124.01 ms/img
[benchmark] Iteration 7/20: 1125.19 ms/img
[benchmark] Iteration 8/20: 1126.28 ms/img
[benchmark] Iteration 9/20: 1128.63 ms/img
[benchmark] Iteration 10/20: 1126.34 ms/img
[benchmark] Iteration 11/20: 1125.01 ms/img
[benchmark] Iteration 12/20: 1125.64 ms/img
[benchmark] Iteration 13/20: 1152.94 ms/img
[benchmark] Iteration 14/20: 1147.70 ms/img
[benchmark] Iteration 15/20: 1154.35 ms/img
[benchmark] Iteration 16/20: 1161.46 ms/img
[benchmark] Iteration 17/20: 1124.08 ms/img
[benchmark] Iteration 18/20: 1123.36 ms/img
[benchmark] Iteration 19/20: 1128.65 ms/img
[benchmark] Iteration 20/20: 1129.71 ms/img
benchmarks\ncnn_windows_20261003\rtx-fp32-b4.json: 1128.64 ms/img

