[WARN] ultraはRTX 2070 Max-Q・DirectML・batch-size=4でピーク6,583MiB、測定前を除く増分5,743MiBを確認済みです。8GB以上のGPUを推奨し、空き容量不足時はbatch-sizeを下げてください。
.\venv_ncnn\Scripts\python.exe : [0 Intel(R) UHD Graphics 630]  queueC=0[1]  queueT=0[1]  rebar=1  r-score=10
発生場所 行:1 文字:748
+ ... u-b1.json'; .\venv_ncnn\Scripts\python.exe -m unittest discover -s te ...
+                 ~~~~~~~~~~~~~~~~~~~~~~~~~~~~~~~~~~~~~~~~~~~~~~~~~~~~~~~~~
    + CategoryInfo          : NotSpecified: ([0 Intel(R) UHD...r=1  r-score=10:String) [], RemoteException
    + FullyQualifiedErrorId : NativeCommandError
 
[0 Intel(R) UHD Graphics 630]  fp16-p/s/u/a=1/1/1/1  int8-p/s/u/a=1/1/1/1  bf16-p/s=1/0
[0 Intel(R) UHD Graphics 630]  subgroup=32(8~32)  ops=1/1/1/1/1/1/1/1/0/0
[0 Intel(R) UHD Graphics 630]  fp16-cm=0  int8-cm=0  bf16-cm=0  fp8-cm=0
[1 Intel(R) UHD Graphics 630]  queueC=0[1]  queueT=0[1]  rebar=1  r-score=10
[1 Intel(R) UHD Graphics 630]  fp16-p/s/u/a=1/1/1/1  int8-p/s/u/a=1/1/1/1  bf16-p/s=1/0
[1 Intel(R) UHD Graphics 630]  subgroup=32(8~32)  ops=1/1/1/1/1/1/1/1/0/0
[1 Intel(R) UHD Graphics 630]  fp16-cm=0  int8-cm=0  bf16-cm=0  fp8-cm=0
[2 NVIDIA GeForce RTX 2070 with Max-Q Design]  queueC=2[8]  queueT=1[2]  rebar=0  r-score=74
[2 NVIDIA GeForce RTX 2070 with Max-Q Design]  fp16-p/s/u/a=1/1/1/1  int8-p/s/u/a=1/1/1/1  bf16-p/s=1/1
[2 NVIDIA GeForce RTX 2070 with Max-Q Design]  subgroup=32(32~32)  ops=1/1/1/1/1/1/1/1/1/1
[2 NVIDIA GeForce RTX 2070 with Max-Q Design]  fp16-cm=16x16x16/16x8x16/16x8x8  int8-cm=16x16x32/16x8x32  bf16-cm=16x16
x16  fp8-cm=0
[3 Intel(R) UHD Graphics 630]  queueC=0[1]  queueT=0[1]  rebar=1  r-score=10
[3 Intel(R) UHD Graphics 630]  fp16-p/s/u/a=1/1/1/1  int8-p/s/u/a=1/1/1/1  bf16-p/s=1/0
[3 Intel(R) UHD Graphics 630]  subgroup=32(8~32)  ops=1/1/1/1/1/1/1/1/0/0
[3 Intel(R) UHD Graphics 630]  fp16-cm=0  int8-cm=0  bf16-cm=0  fp8-cm=0
[INFO] ncnn Vulkan GPU 2 (NVIDIA GeForce RTX 2070 with Max-Q Design): ultra, fp32, ラベル数 12476
test_cpu_probability_rating_and_threshold_parity (test_ncnn_integration.NcnnIntegrationTests.test_cpu_probability_ratin
g_and_threshold_parity) ... ok
[WARN] このモデルはバッチ推論に非対応のため、batch-size=1に変更します。
test_standalone_and_both_client_modes_write_same_xmp (test_ncnn_integration.NcnnIntegrationTests.test_standalone_and_bo
th_client_modes_write_same_xmp) ... 
  0%|          | 0/1 [00:00<?, ?img/s]
  0%|          | 0/1 [00:02<?, ?img/s, 推論:1枚(0.9/s) Skip:0枚(0.0/s)]
[standalone.png] Gen:[32m████[90m░[0m99.3% Sen:[33m[90m░░░░░[0m00.6% Que:[35m[90m░░░░░[0m00.2% Exp:[31m[90m░░░░░[0m00.0% => [32m[R-00][0m
                                                                       

  0%|          | 0/1 [00:02<?, ?img/s, 推論:1枚(0.9/s) Skip:0枚(0.0/s)]
100%|██████████| 1/1 [00:02<00:00,  2.70s/img, 推論:1枚(0.9/s) Skip:0枚(0.0/s)]C:\Users\kouki\Documents\MyApp\dbv4-wd14-tag
ger\embed_tags_universal.py:329: ResourceWarning: unclosed file <_io.BufferedReader name=4>
  self.process = None
ResourceWarning: Enable tracemalloc to get the object allocation traceback

100%|██████████| 1/1 [00:02<00:00,  2.72s/img, 推論:1枚(0.9/s) Skip:0枚(0.0/s)]

[完了] 処理結果サマリー:
  ・推論実行ファイル (DBV4 AI演算あり): 1 枚 | 速度: 0.87 img/s (1154.6 ms/img)
  ・演算スキップファイル (DBV4 score): 0 枚 | 速度: 測定対象なし
  ・詳細: タグ書き込み 1 枚, 整理移動 0 枚
[INFO] Client転送モード: 元画像をそのまま送信します。
[WARN] このモデルはバッチ推論に非対応のため、batch-size=1に変更します。

[04:32:47] 127.0.0.1       | File: original.png | Size: 18.7 KB | Processing...
[04:32:47] 127.0.0.1       | File: original.png | HTTP受信: 0.02 MiB / 0.000s = 267.64 MiB/s
[04:32:48] 127.0.0.1       | File: original.png | Processed OK (1.32s)
  0%|          | 0/1 [00:00<?, ?img/s]
  0%|          | 0/1 [00:01<?, ?img/s, 推論:1枚(0.6/s) Skip:0枚(0.0/s)]
[original.png] Gen:[32m████[90m░[0m99.3% Sen:[33m[90m░░░░░[0m00.6% Que:[35m[90m░░░░░[0m00.2% Exp:[31m[90m░░░░░[0m00.0% => [32m[R-00][0m
                                                                       

  0%|          | 0/1 [00:01<?, ?img/s, 推論:1枚(0.6/s) Skip:0枚(0.0/s)]
100%|██████████| 1/1 [00:01<00:00,  1.77s/img, 推論:1枚(0.6/s) Skip:0枚(0.0/s)]
100%|██████████| 1/1 [00:01<00:00,  1.79s/img, 推論:1枚(0.6/s) Skip:0枚(0.0/s)]

[完了] 処理結果サマリー:
  ・推論実行ファイル (DBV4 AI演算あり): 1 枚 | 速度: 0.63 img/s (1589.3 ms/img)
  ・演算スキップファイル (DBV4 score): 0 枚 | 速度: 測定対象なし
  ・詳細: タグ書き込み 1 枚, 整理移動 0 枚
[INFO] Client前処理モード: モデル入力テンソルを可逆圧縮して送信します。
[WARN] このモデルはバッチ推論に非対応のため、batch-size=1に変更します。

[04:32:50] 127.0.0.1       | File: 画像 | Size: 129.4 KB | Processing...
[04:32:50] 127.0.0.1       | File: 画像 | HTTP受信: 0.13 MiB / 0.000s = 459.38 MiB/s
[INFO] 127.0.0.1 | 推論開始: 1枚
[INFO] 127.0.0.1 | 推論完了: 1枚 / 1.30s
[INFO] 127.0.0.1 | 結果送信完了: 1枚
  0%|          | 0/1 [00:00<?, ?img/s]
  0%|          | 0/1 [00:01<?, ?img/s, 推論:1枚(0.6/s) Skip:0枚(0.0/s)]
[preprocessed.png] Gen:[32m████[90m░[0m99.3% Sen:[33m[90m░░░░░[0m00.6% Que:[35m[90m░░░░░[0m00.2% Exp:[31m[90m░░░░░[0m00.0% => [32m[R-00][0m
                                                                       

  0%|          | 0/1 [00:01<?, ?img/s, 推論:1枚(0.6/s) Skip:0枚(0.0/s)]
100%|██████████| 1/1 [00:01<00:00,  1.80s/img, 推論:1枚(0.6/s) Skip:0枚(0.0/s)]

100%|██████████| 1/1 [00:01<00:00,  1.82s/img, 推論:1枚(0.6/s) Skip:0枚(0.0/s)]
[完了] 処理結果サマリー:
  ・推論実行ファイル (DBV4 AI演算あり): 1 枚 | 速度: 0.62 img/s (1622.8 ms/img)
  ・演算スキップファイル (DBV4 score): 0 枚 | 速度: 測定対象なし
  ・詳細: タグ書き込み 1 枚, 整理移動 0 枚
ok

----------------------------------------------------------------------
Ran 2 tests in 16.104s

OK

