[WARN] ultra縺ｯRTX 2070 Max-Q繝ｻDirectML繝ｻbatch-size=4縺ｧ繝斐・繧ｯ6,583MiB縲∵ｸｬ螳壼燕繧帝勁縺丞｢怜・5,743MiB繧堤｢ｺ隱肴ｸ医∩縺ｧ縺吶・GB莉･荳翫・GPU繧呈耳螂ｨ縺励∫ｩｺ縺榊ｮｹ驥丈ｸ崎ｶｳ譎ゅ・batch-size繧剃ｸ九￡縺ｦ縺上□縺輔＞縲・
[INFO] ONNX螟夜Κ繝・・繧ｿ繧貞酔荳繝・ぅ繝ｬ繧ｯ繝医Μ縺ｫ驟咲ｽｮ: C:\Users\kouki\Documents\MyApp\dbv4-wd14-tagger\.dbv4\models\53e96223459a3046
[INFO] DBV4繝｢繝・Ν: itterative/convnextv2_huge.dbv4-full-onnx (ultra)
[INFO] 繝ｩ繝吶Ν謨ｰ: 12476
[INFO] metadata version: 07cfcadc104847e8
[INFO] 蜈･蜉・shape: ['batch_size', 'num_channels', 'height', 'width']
[INFO] 繧｢繧ｯ繝・ぅ繝悶・繝ｭ繝舌う繝: ['TensorrtExecutionProvider', 'CUDAExecutionProvider', 'CPUExecutionProvider']
[INFO] TensorRT縺ｮ襍ｷ蜍墓､懆ｨｼ荳ｭ縺ｧ縺吶ょ・蝗槭・繧ｨ繝ｳ繧ｸ繝ｳ讒狗ｯ峨′螳御ｺ・☆繧九∪縺ｧServer縺ｯ謗･邯壹ｒ蜿励￠莉倥￠縺ｾ縺帙ｓ縲・
[INFO] 襍ｷ蜍墓､懆ｨｼ縺ｧ螳溯｡後＆繧後◆EP: ['TensorrtExecutionProvider']
[benchmark] Model initialization and startup probe: 8.65s
[benchmark] Warm-up 1/3
[benchmark] Warm-up 2/3
[benchmark] Warm-up 3/3
[benchmark] Iteration 1/20: 359.40 ms/img
[benchmark] Iteration 2/20: 359.74 ms/img
[benchmark] Iteration 3/20: 359.23 ms/img
[benchmark] Iteration 4/20: 359.61 ms/img
[benchmark] Iteration 5/20: 359.86 ms/img
[benchmark] Iteration 6/20: 359.64 ms/img
[benchmark] Iteration 7/20: 359.38 ms/img
[benchmark] Iteration 8/20: 359.60 ms/img
[benchmark] Iteration 9/20: 359.41 ms/img
[benchmark] Iteration 10/20: 359.32 ms/img
[benchmark] Iteration 11/20: 359.56 ms/img
[benchmark] Iteration 12/20: 360.49 ms/img
[benchmark] Iteration 13/20: 359.42 ms/img
[benchmark] Iteration 14/20: 359.73 ms/img
[benchmark] Iteration 15/20: 359.43 ms/img
[benchmark] Iteration 16/20: 359.40 ms/img
[benchmark] Iteration 17/20: 359.52 ms/img
[benchmark] Iteration 18/20: 359.58 ms/img
[benchmark] Iteration 19/20: 359.41 ms/img
[benchmark] Iteration 20/20: 359.27 ms/img
benchmarks\ncnn_windows_20261003\tensorrt-b4.json: 359.47 ms/img

