電源設定の GUID: b851480c-11c5-4edf-8d34-a97813e76853  (Smartmanager Balanced)
  サブグループの GUID: 238c9fa8-0aad-41ed-83f4-97be242c8f20  (スリープ)
    GUID エイリアス: SUB_SLEEP
    電源設定の GUID: 29f6c1db-86da-48c5-9fdb-f2b67b1f44da  (次の時間が経過後スリープする)
      GUID エイリアス: STANDBYIDLE
      利用可能な設定の最小値: 0x00000000
      利用可能な設定の最大値: 0xffffffff
      利用可能な設定の増分: 0x00000001
      利用可能な設定の単位: 秒
    現在の AC 電源設定のインデックス: 0x00000000
    現在の DC 電源設定のインデックス: 0x00000258

    電源設定の GUID: 94ac6d29-73ce-41a6-809f-6363ba21b47e  (ハイブリッド スリープを許可する)
      GUID エイリアス: HYBRIDSLEEP
      利用可能な設定のインデックス: 000
      利用可能な設定のフレンドリ名: オフ
      利用可能な設定のインデックス: 001
      利用可能な設定のフレンドリ名: オン
    現在の AC 電源設定のインデックス: 0x00000000
    現在の DC 電源設定のインデックス: 0x00000000

    電源設定の GUID: 9d7815a6-7ee4-497e-8888-515a05f02364  (次の時間が経過後休止状態にする)
      GUID エイリアス: HIBERNATEIDLE
      利用可能な設定の最小値: 0x00000000
      利用可能な設定の最大値: 0xffffffff
      利用可能な設定の増分: 0x00000001
      利用可能な設定の単位: 秒
    現在の AC 電源設定のインデックス: 0x00002a30
    現在の DC 電源設定のインデックス: 0x00002a30

    電源設定の GUID: bd3b718a-0680-4d9d-8ab2-e1d2b4ac806d  (スリープ解除タイマーの許可)
      GUID エイリアス: RTCWAKE
      利用可能な設定のインデックス: 000
      利用可能な設定のフレンドリ名: 無効
      利用可能な設定のインデックス: 001
      利用可能な設定のフレンドリ名: 有効
      利用可能な設定のインデックス: 002
      利用可能な設定のフレンドリ名: 重要なスリープ解除タイマーのみ
    現在の AC 電源設定のインデックス: 0x00000001
    現在の DC 電源設定のインデックス: 0x00000000

