[WARN] ultraはRTX 2070 Max-Q・DirectML・batch-size=4でピーク6,583MiB、測定前を除く増分5,743MiBを確認済みです。8GB以上のGPUを推奨し、空き容量不足時はbatch-sizeを下げてください。
python.exe : [0 Intel(R) UHD Graphics 630]  queueC=0[1]  queueT=0[1]  rebar=1  r-score=10
発生場所 行:12 文字:2
+  & ".\$checkEnv\Scripts\python.exe" benchmark_ncnn.py --provider $che ...
+  ~~~~~~~~~~~~~~~~~~~~~~~~~~~~~~~~~~~~~~~~~~~~~~~~~~~~~~~~~~~~~~~~~~~~
    + CategoryInfo          : NotSpecified: ([0 Intel(R) UHD...r=1  r-score=10:String) [], RemoteException
    + FullyQualifiedErrorId : NativeCommandError
 
[0 Intel(R) UHD Graphics 630]  fp16-p/s/u/a=1/1/1/1  int8-p/s/u/a=1/1/1/1  bf16-p/s=1/0
[0 Intel(R) UHD Graphics 630]  subgroup=32(8~32)  ops=1/1/1/1/1/1/1/1/0/0
[0 Intel(R) UHD Graphics 630]  fp16-cm=0  int8-cm=0  bf16-cm=0  fp8-cm=0
[1 Intel(R) UHD Graphics 630]  queueC=0[1]  queueT=0[1]  rebar=1  r-score=10
[1 Intel(R) UHD Graphics 630]  fp16-p/s/u/a=1/1/1/1  int8-p/s/u/a=1/1/1/1  bf16-p/s=1/0
[1 Intel(R) UHD Graphics 630]  subgroup=32(8~32)  ops=1/1/1/1/1/1/1/1/0/0
[1 Intel(R) UHD Graphics 630]  fp16-cm=0  int8-cm=0  bf16-cm=0  fp8-cm=0
[2 NVIDIA GeForce RTX 2070 with Max-Q Design]  queueC=2[8]  queueT=1[2]  rebar=0  r-score=74
[2 NVIDIA GeForce RTX 2070 with Max-Q Design]  fp16-p/s/u/a=1/1/1/1  int8-p/s/u/a=1/1/1/1  bf16-p/s=1/1
[2 NVIDIA GeForce RTX 2070 with Max-Q Design]  subgroup=32(32~32)  ops=1/1/1/1/1/1/1/1/1/1
[2 NVIDIA GeForce RTX 2070 with Max-Q Design]  fp16-cm=16x16x16/16x8x16/16x8x8  int8-cm=16x16x32/16x8x32  bf16-cm=16x16
x16  fp8-cm=0
[3 Intel(R) UHD Graphics 630]  queueC=0[1]  queueT=0[1]  rebar=1  r-score=10
[3 Intel(R) UHD Graphics 630]  fp16-p/s/u/a=1/1/1/1  int8-p/s/u/a=1/1/1/1  bf16-p/s=1/0
[3 Intel(R) UHD Graphics 630]  subgroup=32(8~32)  ops=1/1/1/1/1/1/1/1/0/0
[3 Intel(R) UHD Graphics 630]  fp16-cm=0  int8-cm=0  bf16-cm=0  fp8-cm=0
[INFO] ncnn Vulkan GPU 2 (NVIDIA GeForce RTX 2070 with Max-Q Design): ultra, fp32, ラベル数 12476
[benchmark] Model initialization and startup probe: 7.29s
[benchmark] Warm-up 1/1
[benchmark] Iteration 1/3: 1012.66 ms/img
[benchmark] Iteration 2/3: 1008.60 ms/img
[benchmark] Iteration 3/3: 1012.99 ms/img
benchmarks\aero_regression_20261004\rtx-ncnn-b1.json: 1012.66 ms/img
